TRIGGER_OUTCOMES  follow opp_synced  SEND=0
  disappeared 5b5iDRwcbRQU n=1
  disappeared 3VJYZtEJ1TwN n=2
  disappeared 4LJzC9ZkUDmy n=3
  disappeared qU4fTK9jAXa6 n=4
  disappeared fnUBadLjDnqj n=5
  disappeared 3PD478TSUzAm n=6
  disappeared x6RQSsyd1Hjh n=7
  disappeared 4pziay8drHaR n=8
  disappeared HjoG3xoakenH n=9
  disappeared 31pi3GEAa8fw n=10
  disappeared 5hYdFW7KPrTH n=11
  disappeared KMUCzSfbFgoj n=12
  disappeared 4yFEit7GJQaQ n=13
  disappeared h8uoEGpyf9q1 n=14
  disappeared 3VdWH3CaHjmc n=15
  disappeared 5EFKFo31xFAp n=16
  disappeared 4A9xpBBFaFQZ n=17
  disappeared 7EwZNRumeq7V n=18
  disappeared 2qCsVSbfTUc4 n=19
  disappeared 3GSie6dtDxzP n=20
  disappeared 5HPckeaxcJzG n=21
  disappeared 46VEF9oFSdn5 n=22
  disappeared qHT3M6GHoufi n=23
  disappeared 2oPoRSGeJQJp n=24
  disappeared 2s1sRESANrd2 n=25
  disappeared 4qRYNMx4KXC4 n=26
  disappeared xEDbMxHoBiKW n=27
  disappeared 5j3pk4HEMUSW n=28
  disappeared 4s2bgCR23vsv n=29
  disappeared 3HVwHaXhcYE9 n=30
  disappeared 4jX1yKSVadZZ n=31
  disappeared 5ToyFmZPKcuu n=32
  disappeared 4dkF7eyPM7QH n=33
  disappeared 5h1oyniqHQpK n=34
  disappeared 2m9CY8zKKED5 n=35
  disappeared 5DDxbzuNQfp6 n=36
  disappeared 2om8MmGZ1cJ8 n=37
  disappeared 2NcyrWcS4YdG n=38
  disappeared 5KLqBCTx3RbB n=39
  disappeared 4C3uBPJRNaEJ n=40
  disappeared 66PV2s3AAbNz n=41
  disappeared 4tS48TpDRAue n=42
  disappeared 5ZCXxRZGvWS3 n=43
  disappeared 2WGZiWBUKG3J n=44
  disappeared 4cDY96PZ2MXj n=45
  disappeared wYcGjSXAvZcW n=46
  disappeared 5baAm2BD5GDR n=47
  disappeared 5J4ZSBwCKWyX n=48
  disappeared 4LfakT1iRbuK n=49
  disappeared TJJ46RERCtQp n=50
  disappeared 5eGiNVU1QYyV n=51
  disappeared xGjiiEs2TE28 n=52
  disappeared 4V2zEmRADVDy n=53
  disappeared 3jyJJG77Yd4t n=54
  disappeared 3ktJCKbAS9F9 n=55
  disappeared 32juXdJdwrMc n=56
  disappeared 5DsDYvfmC8MM n=57
  disappeared 4wwMu8vsFfif n=58
  disappeared 5tEBVCTcbNFa n=59
  disappeared 2kGKsBVLoJzW n=60
  disappeared 5zW43rnbuNEQ n=61
  disappeared 32vFsfnkh1EH n=62
  disappeared 2GMk9mKUfghR n=63
  disappeared 3DrWtvTm3MKF n=64
  disappeared 4JsjCDGgE9t3 n=65
  disappeared 565fTSept1go n=66
  disappeared 3kfCSVh21qXU n=67
  disappeared 5H7ihcUZY98z n=68
  disappeared 3NX5PYvd88iz n=69
  disappeared 56Pb2H5VscWt n=70
  disappeared 5yPKSE5stZ7G n=71
  disappeared 64Mr5Wfwgr5n n=72
  disappeared 319oqwJJWBDZ n=73
  disappeared 3sHnGXKmAq3E n=74
  disappeared 4NqNLJkryePB n=75
  disappeared yzQQTU6yTaLP n=76
  disappeared 3ECwcket3Tzj n=77
  disappeared 3nV3iFF7j5Hi n=78
  disappeared 2ME68pp7ParB n=79
  disappeared 2weknD76nc17 n=80
  disappeared 4UeYn7mgzSAU n=81
  disappeared 2gQg4WzHohqf n=82
  disappeared 3SStwYsgFGEe n=83
  disappeared 4Jn7aAaR2512 n=84
  disappeared 5Ntn1J4kS9CN n=85
  disappeared 28oz3mH4FYdc n=86
  disappeared 4bpLz5a553ZQ n=87
  disappeared 5bR1E9BcdE7P n=88
  disappeared 59SxpUQbo4Y7 n=89
  disappeared 637BUj3FUD2X n=90
  disappeared 3sr6ri1ewR3s n=91
  disappeared NshPXCoxeXL7 n=92
  disappeared 5yBEDQJwJU3T n=93
  disappeared 4daBU4kmxJKW n=94
  disappeared 4d6MNsa6372N n=95
  disappeared 5USZGdRSPCwv n=96
  disappeared 3jGoTM5hdV2c n=97
  disappeared 27touVrr3qxE n=98
  disappeared 25wNwjDgNk4B n=99
  disappeared 2KHntFpvReR2 n=100
  disappeared 4tdwoARFifz4 n=101
  disappeared 2vfB6HyaVNJL n=102
  disappeared 3gv2PR8454cU n=103
  disappeared 3nLN8HMuip8k n=104
  disappeared F9VuUJGVGHmZ n=105
  disappeared 3FyQ7wcHbpiv n=106
  disappeared tm2EM63YxAzF n=107
  disappeared 4vbDAYoQpzhX n=108
  disappeared 4jEZGMZEbYEc n=109
  disappeared 3B67sJzVvotf n=110
  disappeared 5LmB66wsUPYB n=111
  disappeared hHSHqZKXxhw2 n=112
  disappeared 4epbtpKPYkWP n=113
  disappeared UQE3dvaoqstp n=114
  disappeared TSNCHUXV1Rjj n=115
  disappeared 5nQFqz2gpJ45 n=116
  disappeared 2NkCaqp3wDhC n=117
  disappeared 3E6QnJYj37Mv n=118
  disappeared 4iqipwHJbjMC n=119
  disappeared 2MkeD4njhQzV n=120
  disappeared 5o3u4Dved339 n=121
  disappeared 5v5VZgAe8m9P n=122
  disappeared pWUQGNqj5Cqc n=123
  disappeared 69TfbGaFDomt n=124
  disappeared PnmXHuS2KNPs n=125
  disappeared 2hxyf3U7wnfF n=126
  disappeared e9d9iFgiDxjY n=127
  disappeared 8uWsvWfZMvWa n=128
  disappeared 4eHmxrSFZCZh n=129
  disappeared 38GrkmfJDGmk n=130
  disappeared 2FVXujX7a3Kp n=131
  disappeared 29S5yxrvLGMN n=132
  disappeared 3Vnrh1xWg7QL n=133
  disappeared 5ZzNpHNpGx3Q n=134
  disappeared DE8Ua2myBaBQ n=135
  disappeared NjozPfu2VZWr n=136
  disappeared 2qT1GocfMpxj n=137
  disappeared 3uBVfLNnZySJ n=138
  disappeared 3BwBcdGqN4bN n=139
  disappeared 56uHWvm4ES3j n=140
  disappeared 3XqthgE6nCfo n=141
  disappeared b2ZD6cL1V92z n=142
  disappeared 4X9Q5kdd1QQJ n=143
  disappeared 3tPf7LVutjJR n=144
  disappeared 2DqeMjeZQf5h n=145
  disappeared 3Eq1RXvgoUwx n=146
  disappeared 594GKeWH6kfp n=147
  disappeared 4sineuLKs5mX n=148
  disappeared 3XXuH8DtFTuG n=149
  disappeared 24ZqverbsCZv n=150
  disappeared 9mSPRRVmwRYK n=151
  disappeared 4z7g9Z8YdnVM n=152
  disappeared 2DbuKfUKf7v2 n=153
  disappeared 2SYPUaK1JzgW n=154
  disappeared vDZMpyw4QJbA n=155
  disappeared 5iWZAhfjHvkJ n=156
  disappeared euuvuWcYgXzN n=157
  disappeared ryHFW6PgCNzq n=158
  disappeared 6ibJjGtvyKVd n=159
  disappeared vGfvnENBPNGp n=160
  disappeared AVLrtDNPeccr n=161
  disappeared 4ttkRtTjfw4F n=162
  disappeared 4ZwknDqGAkwx n=163
  disappeared WGAJsUmzHxiY n=164
  disappeared 5bRWyZNqT31h n=165
  disappeared 5YMNcsgA6K8B n=166
  disappeared 5eJHChJWZ3Tf n=167
  disappeared 5quNx2RyY1EB n=168
  disappeared E7Lrb9u6bvdi n=169
  disappeared 3A4xpmPmvsZ6 n=170
  disappeared 7FGmn6E15PQu n=171
  disappeared 2vjd2UsCJ5qV n=172
  disappeared 2RzWM3reLvyv n=173
  disappeared 2hSdjhBoQUF6 n=174
  disappeared wXMaVZKQ57we n=175
  disappeared 3v2RJatN4bBN n=176
  disappeared 4EqdL2sDjTqp n=177
  disappeared aCmQZTpPiPq9 n=178
  disappeared 5o9GCdRLujPV n=179
  disappeared 4Kvppz2MWnJY n=180
  disappeared gtLvVRFm6wZY n=181
  disappeared 5UogWvgwVjdw n=182
  disappeared 4vuQjQH7XXH9 n=183
  disappeared 2UdVFNw2CSBh n=184
  disappeared 3CK557K5Dz8p n=185
  disappeared 5h2oyyPmxuJY n=186
  disappeared 5AJUAyLC66Fd n=187
  disappeared 2c63zAfFEYzH n=188
  disappeared 2n4v9CCcR6Q6 n=189
  disappeared 53buYsfUBUUN n=190
  disappeared dUm54QqtFuRr n=191
  disappeared 2RKALvtBQhdN n=192
  disappeared 3cR5fhPVupjm n=193
  disappeared 2PAJwuTEKcK2 n=194
  disappeared 4z3miN6AB5s7 n=195
  disappeared 4qLpTPDkBi6Y n=196
  disappeared 5uwYvAXdHPFJ n=197
  disappeared 5X1azLcfh57g n=198
  disappeared 2ooD8u1xuHhj n=199
  disappeared 3Z2CT5SwVXzA n=200
  disappeared 3B8rm2d9wB1n n=201
  disappeared 3kmpCxZBekei n=202
  disappeared Kig8hAVKP92C n=203
  disappeared 2HySf4KJ6Hu8 n=204
  disappeared 53Hx8oD1Dzpi n=205
  disappeared 4Ybhh4HRpaJX n=206
  disappeared 3BuL1DDri7nx n=207
  disappeared 4ekxjDXVGYjL n=208
  disappeared f8PPfbefwC1E n=209
  disappeared 2rurrkPrVQJd n=210
  disappeared 63oCQEN3sjTi n=211
  disappeared 37FWPeUy82co n=212
  disappeared 27tCkA3co2C5 n=213
  disappeared 3vvBvAWsuvFt n=214
  disappeared 4NsobyPPeiM3 n=215
  disappeared 2XwgKBjHD8J7 n=216
  disappeared 5z9dLQ3hkurh n=217
  disappeared pQYEZPmKP4Zp n=218
  disappeared 5mM5p3eADZhQ n=219
  disappeared 5AUfVqZZZnC9 n=220
  disappeared kUfLtC9dYjBv n=221
  disappeared 5BBaTsZX1ZHB n=222
  disappeared 2dFU4oZ7EW3Z n=223
  disappeared 4ff5eRFrEtqo n=224
  disappeared 4MtBGQtoB6iB n=225
  disappeared 3aVev3W3c6ZL n=226
  disappeared 2jzDdxuJ3iBN n=227
  disappeared 4Szc4Szyfyvz n=228
  disappeared 36qXELdHErnR n=229
  disappeared 4xoA6Xx7oKvo n=230
  disappeared 5gsNP5TkpCmT n=231
  disappeared 2U5XZX57njmB n=232
  disappeared q9ynk6zCo4ay n=233
  disappeared 4m8UKJFNC6bc n=234
  disappeared 3h2Ahh3jU9eW n=235
  disappeared 5D2ZPoqueCRZ n=236
  disappeared 2CPAhM4Edn5w n=237
  disappeared 5K7rNPUGnP6g n=238
  disappeared 3gQSVVhM1XJa n=239
  disappeared 4dqCYt8xZ82i n=240
  disappeared 5Tm8D7SD4bQB n=241
  disappeared oQKqzEDqBgxh n=242
  disappeared 3MpKRZKosEUm n=243
  disappeared 5weYVye6SyAN n=244
  disappeared 4BRB9rP4xqJ1 n=245
  disappeared KQMa9qrn4Jkw n=246
  disappeared 2rCnNUkKsAUZ n=247
  disappeared 5Pges4DATM4G n=248
  disappeared 34rWvMSb24SG n=249
  disappeared 5Qg6YbPYGzXB n=250
  disappeared ZkGVwwokaNRk n=251
  disappeared 454D76TX2u2e n=252
  disappeared tygkEdcJc6A8 n=253
  disappeared 3rbfg5sEi23P n=254
  disappeared 24WRPaRxzGLk n=255
  disappeared Nj7h3X1GMBBG n=256
  disappeared 2T7Yx3RZFWVj n=257
  disappeared 4Y2iGBaZpEi8 n=258
  disappeared 46BdFq8y1rva n=259
  disappeared 2UUMnixC3LoN n=260
  disappeared 2CauNxgo2J8p n=261
  disappeared 3nGSQ8vV6fja n=262
  disappeared 586KKw999GA3 n=263
  disappeared 4wCWeNmp55dX n=264
  disappeared 38NyEQHnnRZR n=265
  disappeared 49sXuyQTaLrb n=266
  disappeared 3LUqvwLtYkaQ n=267
  disappeared 2s8ZpwPboPiD n=268
  disappeared 433xsnezMow1 n=269
  disappeared VfxHFEfvk2He n=270
  disappeared syd1onuS6RqE n=271
  disappeared 2HVQMjBdyDBL n=272
  disappeared 455B5vPdsZCK n=273
  disappeared 4MdJnDSsNAwz n=274
  disappeared 2HC4ZqC8G9gS n=275
  disappeared 2mjZtoJ8tDY7 n=276
  disappeared 32jpMnG1zwL3 n=277
  disappeared 2LCwvzQCvv1u n=278
  disappeared 3QGbRYhuRDv6 n=279
  disappeared 64mktGYPfRWj n=280
  disappeared 5PpTxnRS1kwT n=281
  disappeared 2xiUaKvizBRN n=282
  disappeared 4nHZLCNbDeuu n=283
  disappeared 254hsoxumAm2 n=284
  disappeared 5WK44KvGQhTM n=285
  disappeared 5qrHK2Yb6BWL n=286
  disappeared 8xhhoV5omAX4 n=287
  disappeared 66fMMYphJBHa n=288
  disappeared 3aVFXu4NtLwm n=289
  disappeared 3jMswY1aJ4eL n=290
  disappeared 27gJV98KTsfk n=291
  disappeared 5YjMksccqoUT n=292
  disappeared 2pZ3mGgJWcVp n=293
  disappeared 2PpsrWSkyt9C n=294
  disappeared 1RbH6fK6tgdd n=295
  disappeared 2tPN4et8eWtK n=296
  disappeared 5bnQuTouWgxw n=297
  disappeared 2AnaAzZTN4uP n=298
  disappeared 3Sgsn3j8ovaF n=299
  disappeared 2BYmuUsRa2rw n=300
  disappeared ejT8RfsniDQw n=301
  disappeared 5dfUzVprSiqD n=302
  disappeared 2MzRKxDHNKiS n=303
  disappeared 2Pqb8VfJNbFK n=304
  disappeared QZ3rghjNh5MM n=305
  disappeared FWfNh19YSh1b n=306
  disappeared GvR1Gno7Etjr n=307
  disappeared 2AkyXtAih7rV n=308
  disappeared 2Kjnsc9dpFgP n=309
  disappeared 2rdypTAsPK5F n=310
  disappeared d96zcJ1ZXivh n=311
  disappeared 3MeHjWjvJCSV n=312
  disappeared 5wTYLwFLPY5x n=313
  disappeared 4g33uxjyFb4M n=314
  disappeared 5Wg4trzpG7pv n=315
  disappeared 3Pn2HWYFFEm1 n=316
  disappeared 5rEUBv2852y8 n=317
  disappeared 2ZeG9Ca9XdLR n=318
  disappeared 3RSFNUhRfuNR n=319
  disappeared 5E5CWN1ZMTr1 n=320
  disappeared 4vN39sf9LD8D n=321
  disappeared kCiqG8zDpWXE n=322
  disappeared JbfWpEnN7hau n=323
  disappeared 4hJD5QRK9yXt n=324
  disappeared 3USmFs9RrvVt n=325
  disappeared zEsyrDCiTYCz n=326
  disappeared 3YuwXZTucL35 n=327
  disappeared 4tEEAm2C6Jp7 n=328
  disappeared 5PixTU7xwCpF n=329
  disappeared 2zoBaZYtohWs n=330
  disappeared 54FgEeHWf5W3 n=331
  disappeared 5y8mGkxQ2C9f n=332
  disappeared 3iHTKQBK8Wrd n=333
  disappeared Rvoo5MXQF16i n=334
  disappeared uYvBmVgnSwSW n=335
  disappeared 3GgDEvRW7mGR n=336
  disappeared 4shDLQgPpsBp n=337
  disappeared 5scJ9W7QPGNU n=338
  disappeared 5LuZrzvnQPKf n=339
  disappeared 3vkNCiyxsSfj n=340
  disappeared 5ExGrGq3r62Z n=341
  disappeared 3rhniTRJMnTg n=342
  disappeared 63a4PZfzQry6 n=343
  disappeared 5P6BpEEPBVn9 n=344
  disappeared 5z7hS2z3fBQs n=345
  disappeared 4T8Vn11QUzRQ n=346
  disappeared 5myTnCerYsEk n=347
  disappeared 2RohbQPgQgQd n=348
  disappeared 3hfFkY9bVXqe n=349
  disappeared 2vsPhjz48hbU n=350
  disappeared 59Jfnq3dDJpv n=351
  disappeared VTASS2AKeVYM n=352
  disappeared 5FDhJKx9kgNS n=353
  disappeared 2WbbP7HkinnJ n=354
  disappeared 58jids4RNVED n=355
  disappeared KHo1M8Z79cNK n=356
  disappeared 5131iKf8XMzQ n=357
  disappeared 4BsNg4vXiHMM n=358
  disappeared 3X12qcYUGygk n=359
  disappeared 3SWq7wAetrF9 n=360
  disappeared 4dH83X9XyiKE n=361
  disappeared 3WE86x7TaQum n=362
  disappeared 3nJNknaFfech n=363
  disappeared 424AEyDSQMWn n=364
  disappeared 3Fj1S4HV5Bep n=365
  disappeared 4Npo6ta9fGBP n=366
  disappeared 3MfDuCn54i8R n=367
  disappeared 2TgmJffjFs6r n=368
  disappeared 5EKmYy8ni4sf n=369
  disappeared 5DuAMoGFUxrR n=370
  disappeared 3u3GrmAuQ6Tn n=371
  landed-success 3hjBA3BqmZWo n=372
  disappeared 2Qdn3aQuh9q6 n=373
  landed-success 2BJEJu5Y6eVP n=374
  disappeared 2VsnYADjE3nt n=375
  disappeared 4Yngo3HDqWFd n=376
  disappeared 63tWhTGDWDYj n=377
  disappeared jTgtbq5EoeCe n=378
  disappeared n74fhS4k4zVP n=379
  disappeared 4RpmMtzewJF8 n=380
  landed-success 28dKXykgkVqA n=381
  disappeared 2G76v5Zb7MXr n=382
  landed-success 46Uh6hdGmFLP n=383
  disappeared 4NhmiUFvpn8b n=384
  disappeared 329jGZvkSPRA n=385
  disappeared jivghphJ9mcA n=386
  disappeared 2uBp6KH5kkpq n=387
  disappeared 3wNomZEzA97S n=388
  disappeared 5V1CnjHG7B6y n=389
  disappeared LNusCpDmMGSB n=390
  disappeared 32EKNRKs3vzR n=391
  disappeared 4JD2omnLt1Df n=392
  disappeared 48kpN9JoV6UE n=393
  landed-success 2HLhP1D9bfeG n=394
  disappeared D44e3fsHdSJw n=395
  landed-success 4BJRemttgZTu n=396
  disappeared 4FLDJuq2DuMu n=397
  disappeared 2cywShhdiScH n=398
  disappeared 2Bp8bwKsoUhi n=399
  disappeared 2R5ak1p6cdvN n=400
  backfill done seen=400 {'disappeared': 394, 'landed-success': 6}
  seen 401 pool=18fbce5e cap_gp=5416266
  landed-success 59QaCXuZEvdD n=401
  seen 402 pool=6e2b60d3 cap_gp=1549607
  disappeared 3gCzt4M6XHsw n=402
  seen 403 pool=dd447fcb cap_gp=70269890
  disappeared 419fndZrd2Tw n=403
  seen 404 pool=d66a62ff cap_gp=70232753
  landed-success 5t8zVyhffLsy n=404
  seen 405 pool=dd447fcb cap_gp=52643261
  disappeared 28rVQ6yn7AiN n=405
  seen 406 pool=53c80400 cap_gp=251025
  disappeared KTvfKppwz3hB n=406
  seen 407 pool=dd447fcb cap_gp=86874809
  disappeared HLbUdpjV2NAC n=407
  seen 408 pool=9aeab0f2 cap_gp=2466445
  disappeared 3vkGxr3t6WWL n=408
  seen 409 pool=d66a62ff cap_gp=86836089
  landed-success oX1cL9eGwq1g n=409
  seen 410 pool=6e2b60d3 cap_gp=1641498
  disappeared 5H8ki53eCHoh n=410
  seen 411 pool=6e2b60d3 cap_gp=2025603
  disappeared 5ksL5xGvR9PN n=411
  seen 412 pool=6e2b60d3 cap_gp=1813142
  seen 413 pool=748b8627 cap_gp=982649
  seen 414 pool=6e2b60d3 cap_gp=2300638
  disappeared AEjr8vR1KqTE n=412
  disappeared 2xtV9oFF5ui7 n=413
  seen 415 pool=dd447fcb cap_gp=81554277
  disappeared 3hMf9Rhs8RKR n=414
  seen 416 pool=6e2b60d3 cap_gp=1833069
  seen 417 pool=6e2b60d3 cap_gp=1833069
  disappeared mHPupZbQkAxZ n=415
  disappeared 2vVGew1Ab2qg n=416
  disappeared 2fgafF5sx2VA n=417
  seen 418 pool=748b8627 cap_gp=982648
  disappeared 42NYCmSHdFXC n=418
  seen 419 pool=195e7074 cap_gp=6857370
  seen 420 pool=6e2b60d3 cap_gp=1074465
  disappeared 61AC2kxTUPM1 n=419
  disappeared 2dGu3rWxhfQR n=420
  seen 421 pool=9aeab0f2 cap_gp=1110622
  disappeared 4rQeNqsB275J n=421
  seen 422 pool=8c4db544 cap_gp=-133298
  seen 423 pool=dd447fcb cap_gp=69839877
  disappeared bLGttvFGEwue n=422
  disappeared 5bvwCCqFoWK7 n=423
  seen 424 pool=748b8627 cap_gp=982619
  disappeared 3h1t8Y2DScUp n=424
  seen 425 pool=9aeab0f2 cap_gp=488760
  disappeared 4yzZewg7N4Ap n=425
  seen 426 pool=c7da8797 cap_gp=610006
  landed-success 5eE1rtGCc8jE n=426
  seen 427 pool=d66a62ff cap_gp=76365832
  landed-success 3699XKMRSEkz n=427
  seen 428 pool=d66a62ff cap_gp=73875926
  landed-success 5JmoJ5QrWsbs n=428
  seen 429 pool=7ca41909 cap_gp=29343783
  landed-success 2F9Z8G6i8mCw n=429
  seen 430 pool=7ca41909 cap_gp=3359943
  landed-success 3NDNKsE8xdoJ n=430
  seen 431 pool=9e49677c cap_gp=0
  landed-success 2dsqgJ1ynZ4L n=431
  seen 432 pool=cbdcddd6 cap_gp=-49999279
  landed-success TMMyRJhy9afd n=432
  seen 433 pool=f4a0db7d cap_gp=0
  seen 434 pool=f4a0db7d cap_gp=0
  landed-success CqZVXJPVWVeQ n=433
  landed-success w6RheC3DNPUc n=434
  seen 435 pool=f4a0db7d cap_gp=0
  landed-failed 5bU8y4PHhZP2 n=435
  seen 436 pool=f4a0db7d cap_gp=0
  landed-success 2yiV2Be9K5nw n=436
  seen 437 pool=89912956 cap_gp=0
  landed-success 3rC8NuVFVxRY n=437
  seen 438 pool=f4a0db7d cap_gp=0
  seen 439 pool=f4a0db7d cap_gp=0
  landed-failed 5sceduejgT6o n=438
  seen 440 pool=f0fbc481 cap_gp=-2124279
  landed-failed 2qrnARKBSMCt n=439
  seen 441 pool=f4a0db7d cap_gp=0
  landed-success hoZuayBzifbJ n=440
  seen 442 pool=f4a0db7d cap_gp=0
  landed-success 7RuF3wrZU9Xt n=441
  seen 443 pool=f4a0db7d cap_gp=0
  landed-failed dc8oBEQ6Ngjc n=442
  seen 444 pool=9e49677c cap_gp=0
  landed-success 2QF38QhgGfEB n=443
  seen 445 pool=013df476 cap_gp=0
  landed-success 5ASGXrLAqgNK n=444
  seen 446 pool=f4a0db7d cap_gp=0
  landed-failed 2zSW6Vr32oN8 n=445
  seen 447 pool=e707b121 cap_gp=-49999846
  landed-success 4WkfuP3ae9Ui n=446
  seen 448 pool=9e49677c cap_gp=0
  landed-success 5PrYzxELXTK5 n=447
  seen 449 pool=f4a0db7d cap_gp=0
  seen 450 pool=9e49677c cap_gp=0
  landed-failed 4gCJK4sQFiQc n=448
  landed-success 36VJ89Z54jV8 n=449
  seen 451 pool=e707b121 cap_gp=-49999846
  landed-success 2smLqMqyHA42 n=450
  seen 452 pool=e707b121 cap_gp=-49999846
  landed-success BTYGmsoqtTZV n=451
  seen 453 pool=e707b121 cap_gp=-49999846
  landed-success 65jQm8rJACr8 n=452
  seen 454 pool=9e49677c cap_gp=0
  landed-success dcx2BsFM851S n=453
  seen 455 pool=9e49677c cap_gp=0
  landed-success MpqURNLk33Bw n=454
  seen 456 pool=e707b121 cap_gp=-49999846
  landed-success 67fasoX6SG9A n=455
  seen 457 pool=f4a0db7d cap_gp=0
  landed-failed 2rDc9iFN5btZ n=456
  seen 458 pool=bb9bf125 cap_gp=0
  landed-failed 2cdgb9dPU1NK n=457
  seen 459 pool=e707b121 cap_gp=-49999846
  landed-success vhG1wocoxggv n=458
  seen 460 pool=cbdcddd6 cap_gp=-49999279
  landed-success 55xxp3wQmx3k n=459
  seen 461 pool=9e49677c cap_gp=0
  landed-success 62T6gfC4CccA n=460
  seen 462 pool=9e49677c cap_gp=0
  landed-success 4X5By5s6RMxC n=461
  seen 463 pool=e707b121 cap_gp=-49999846
  landed-success 4F4YJoBGxv6U n=462
  seen 464 pool=b3e2636a cap_gp=-33194578
  landed-success rcXoLfdqUgXo n=463
  seen 465 pool=e707b121 cap_gp=-49999846
  landed-success 3awg3iUP6Myd n=464
  seen 466 pool=e707b121 cap_gp=-49999846
  landed-success pmf2j4mFR68J n=465
  seen 467 pool=18fbce5e cap_gp=5078496
  landed-success 2pgH1kCp3wJj n=466
  seen 468 pool=013df476 cap_gp=0
  seen 469 pool=f4a0db7d cap_gp=0
  landed-failed 5SeDDDQ6rJtS n=467
  landed-failed 2CU97XbsJPqx n=468
  seen 470 pool=e707b121 cap_gp=-49999846
  landed-success 4kGfbiX8iCmw n=469
  seen 471 pool=013df476 cap_gp=0
  seen 472 pool=013df476 cap_gp=0
  landed-failed 1dEF2CJQ472v n=470
  landed-failed LnMVkgCpLr9v n=471
  seen 473 pool=9e49677c cap_gp=0
  landed-success 67qhUNuwReAH n=472
  seen 474 pool=2aa709d9 cap_gp=-49999846
  landed-success 235hEuCRkAuB n=473
  seen 475 pool=f4a0db7d cap_gp=0
  landed-failed 4ZAdcSRjjTHq n=474
  seen 476 pool=e707b121 cap_gp=-49999846
  landed-success 7TcDv3GiEZnQ n=475
  seen 477 pool=013df476 cap_gp=0
  seen 478 pool=013df476 cap_gp=0
  landed-failed 5gfEs5PNVp77 n=476
  landed-failed 2Bpoi1eR9v9j n=477
  seen 479 pool=e707b121 cap_gp=-49999846
  landed-success 5btnu15uZ5op n=478
  seen 480 pool=18fbce5e cap_gp=6089258
  seen 481 pool=013df476 cap_gp=0
  seen 482 pool=f4a0db7d cap_gp=0
  landed-success 3ERXyeJQqQ27 n=479
  landed-failed gSYVvEXwM6hQ n=480
  landed-failed ch8AhyaGsxgn n=481
  seen 483 pool=9e49677c cap_gp=0
  seen 484 pool=e707b121 cap_gp=-49999846
  landed-success 2F39xqCvTTTv n=482
  landed-success 5MnUj3KS5VmZ n=483
  seen 485 pool=e707b121 cap_gp=-49999846
  landed-success qg67h35RPJjK n=484
  seen 486 pool=013df476 cap_gp=0
  landed-failed 28WBnqGj8iwD n=485
  seen 487 pool=e707b121 cap_gp=-49999846
  seen 488 pool=2aa709d9 cap_gp=-49999846
  seen 489 pool=e707b121 cap_gp=-49999846
  landed-success 2FBYvQfha1WT n=486
  landed-success 2PQZLSu1Hwba n=487
  landed-failed 3MHoppBuQXHE n=488
  seen 490 pool=2aa709d9 cap_gp=-49999846
  seen 491 pool=2aa709d9 cap_gp=-49999846
  landed-success 5SYMgaQD3QRW n=489
  landed-success 4Lbnpu8FjA5b n=490
  seen 492 pool=2aa709d9 cap_gp=-49999846
  landed-success 4KMXk52TP7EN n=491
  seen 493 pool=e707b121 cap_gp=-49999846
  seen 494 pool=2aa709d9 cap_gp=-49999846
  landed-success 2rrugUrnqgkc n=492
  landed-success 3ihVzSpf6BjS n=493
  seen 495 pool=9e49677c cap_gp=0
  seen 496 pool=9e49677c cap_gp=0
  seen 497 pool=9e49677c cap_gp=0
  landed-success 3YJv3SqFx3HE n=494
  landed-success 5RHeZC4vYGWE n=495
  landed-success 4AGLb35E1QwX n=496
  seen 498 pool=9e49677c cap_gp=0
  landed-success 95WwdffSVbaw n=497
  seen 499 pool=e707b121 cap_gp=-49999846
  seen 500 pool=e707b121 cap_gp=-49999846
  seen 501 pool=9e49677c cap_gp=0
  landed-success 5EF51dKtwWrL n=498
  landed-success 63Qtr5zW5nhs n=499
  landed-success gjCofR9Kvtcw n=500
  seen 502 pool=e707b121 cap_gp=-49999846
  landed-failed 33S5qAABxMMo n=501
  seen 503 pool=e707b121 cap_gp=-49999846
  landed-success 5MrP9wec1nZa n=502
  seen 504 pool=013df476 cap_gp=3330710734
  landed-failed gh3iN1T5mfnP n=503
  seen 505 pool=013df476 cap_gp=3332085445
  landed-failed 3pgsxvyDrdaB n=504
  seen 506 pool=ac78e5ab cap_gp=-1468444
  landed-success 3oz2TSpzCcz8 n=505
  seen 507 pool=e707b121 cap_gp=-49999846
  landed-success Sn8QjdY7tDTx n=506
  seen 508 pool=f0fbc481 cap_gp=-2294681
  landed-failed pEq5Edii5SHN n=507
  seen 509 pool=e707b121 cap_gp=-49999846
  seen 510 pool=e707b121 cap_gp=-49999846
  landed-success 53DHjJFefV1A n=508
  landed-success 5bsdJjWuBVeZ n=509
  seen 511 pool=013df476 cap_gp=3343315545
  landed-success 5TxFw3zR4Zr4 n=510
  seen 512 pool=013df476 cap_gp=3345477926
  landed-failed 4sHypnoudgo4 n=511
  seen 513 pool=e707b121 cap_gp=-49999846
  landed-success 4dS7bASSwD6g n=512
OSError: [Errno 28] No space left on device

During handling of the above exception, another exception occurred:

Traceback (most recent call last):
  File "/home/louis/arb-exec/scripts/trigger_outcomes.py", line 149, in <module>
    raise SystemExit(main())
                     ^^^^^^
  File "/home/louis/arb-exec/scripts/trigger_outcomes.py", line 141, in main
    emit(p["sig"], p["rec"], kind, counts)
  File "/home/louis/arb-exec/scripts/trigger_outcomes.py", line 68, in emit
    SUM.write_text(json.dumps({"n": ntot, "counts": dict(counts)}, indent=2) + "\n")
  File "/usr/lib/python3.12/pathlib.py", line 1049, in write_text
    with self.open(mode='w', encoding=encoding, errors=errors, newline=newline) as f:
OSError: [Errno 28] No space left on device
