UNIV-JSON  n=645 dlmm=242 pump=403 mints_from_bin=1 missing=0
UNIV-JSON  wrote /home/louis/captures/paper_orbit/liveuniv.json
  wsol 50000000
  simulate err={'InstructionError': [2, {'Custom': 6}]} cu=81777 logs=41
    Program ComputeBudget111111111111111111111111111111 invoke [1]
    Program ComputeBudget111111111111111111111111111111 success
    Program ComputeBudget111111111111111111111111111111 invoke [1]
    Program ComputeBudget111111111111111111111111111111 success
    Program CnddPhKV1fnKE7ic5nSJcoVq2XFmQ9daE3tuqc2u6qTt invoke [1]
    Program LBUZKhRxPF3XUpBCjp4YzTKgLccjZhTSDM9YuVaPwxo invoke [2]
    Program log: Instruction: Swap2
    Program LBUZKhRxPF3XUpBCjp4YzTKgLccjZhTSDM9YuVaPwxo invoke [3]
    Program LBUZKhRxPF3XUpBCjp4YzTKgLccjZhTSDM9YuVaPwxo consumed 772 of 371367 compute units
    Program LBUZKhRxPF3XUpBCjp4YzTKgLccjZhTSDM9YuVaPwxo success
    Program TokenkegQfeZyiNwAJbNbGKPFXCWuBvf9Ss623VQ5DA invoke [3]
    Program TokenkegQfeZyiNwAJbNbGKPFXCWuBvf9Ss623VQ5DA consumed 112 of 368553 compute units
    Program TokenkegQfeZyiNwAJbNbGKPFXCWuBvf9Ss623VQ5DA success
    Program TokenzQdBNbLqP5VEhdkAS6EPFLC1PHnBqCXEpPxuEb invoke [3]
    Program log: Instruction: TransferChecked
    Program TokenzQdBNbLqP5VEhdkAS6EPFLC1PHnBqCXEpPxuEb consumed 2442 of 365680 compute units
    Program TokenzQdBNbLqP5VEhdkAS6EPFLC1PHnBqCXEpPxuEb success
    Program LBUZKhRxPF3XUpBCjp4YzTKgLccjZhTSDM9YuVaPwxo invoke [3]
    Program LBUZKhRxPF3XUpBCjp4YzTKgLccjZhTSDM9YuVaPwxo consumed 772 of 360527 compute units
    Program LBUZKhRxPF3XUpBCjp4YzTKgLccjZhTSDM9YuVaPwxo success
    ...
    Program LBUZKhRxPF3XUpBCjp4YzTKgLccjZhTSDM9YuVaPwxo consumed 772 of 320226 compute units
    Program LBUZKhRxPF3XUpBCjp4YzTKgLccjZhTSDM9YuVaPwxo success
    Program LBUZKhRxPF3XUpBCjp4YzTKgLccjZhTSDM9YuVaPwxo consumed 36550 of 354954 compute units
    Program LBUZKhRxPF3XUpBCjp4YzTKgLccjZhTSDM9YuVaPwxo success
    Program CnddPhKV1fnKE7ic5nSJcoVq2XFmQ9daE3tuqc2u6qTt consumed 81477 of 399700 compute units
    Program CnddPhKV1fnKE7ic5nSJcoVq2XFmQ9daE3tuqc2u6qTt failed: custom program error: 0x6
GOLDEN  wrote /home/louis/arb-exec/tests/golden_hops/dd.json seq=dlmm-dlmm id=0 n_acc=29 match=True
GOLDEN  wrote /home/louis/arb-cap/fam6/golden_hops/dd.json seq=dlmm-dlmm id=0 n_acc=29 match=True
RECOVER  dlmm-dlmm id=0 custom6=True cu=81777 raw=964 alt=False err={'InstructionError': [2, {'Custom': 6}]}
RECOVER  dumped VECTOR.json id=1 n_acc=43 fails=0
  simulate err={'InstructionError': [2, {'Custom': 6}]} cu=131549 logs=53
    Program ComputeBudget111111111111111111111111111111 invoke [1]
    Program ComputeBudget111111111111111111111111111111 success
    Program ComputeBudget111111111111111111111111111111 invoke [1]
    Program ComputeBudget111111111111111111111111111111 success
    Program CnddPhKV1fnKE7ic5nSJcoVq2XFmQ9daE3tuqc2u6qTt invoke [1]
    Program LBUZKhRxPF3XUpBCjp4YzTKgLccjZhTSDM9YuVaPwxo invoke [2]
    Program log: Instruction: Swap2
    Program LBUZKhRxPF3XUpBCjp4YzTKgLccjZhTSDM9YuVaPwxo invoke [3]
    Program LBUZKhRxPF3XUpBCjp4YzTKgLccjZhTSDM9YuVaPwxo consumed 772 of 371170 compute units
    Program LBUZKhRxPF3XUpBCjp4YzTKgLccjZhTSDM9YuVaPwxo success
    Program TokenkegQfeZyiNwAJbNbGKPFXCWuBvf9Ss623VQ5DA invoke [3]
    Program TokenkegQfeZyiNwAJbNbGKPFXCWuBvf9Ss623VQ5DA consumed 112 of 368356 compute units
    Program TokenkegQfeZyiNwAJbNbGKPFXCWuBvf9Ss623VQ5DA success
    Program TokenzQdBNbLqP5VEhdkAS6EPFLC1PHnBqCXEpPxuEb invoke [3]
    Program log: Instruction: TransferChecked
    Program TokenzQdBNbLqP5VEhdkAS6EPFLC1PHnBqCXEpPxuEb consumed 2442 of 365483 compute units
    Program TokenzQdBNbLqP5VEhdkAS6EPFLC1PHnBqCXEpPxuEb success
    Program LBUZKhRxPF3XUpBCjp4YzTKgLccjZhTSDM9YuVaPwxo invoke [3]
    Program LBUZKhRxPF3XUpBCjp4YzTKgLccjZhTSDM9YuVaPwxo consumed 772 of 360330 compute units
    Program LBUZKhRxPF3XUpBCjp4YzTKgLccjZhTSDM9YuVaPwxo success
    ...
    Program pAMMBay6oceH9fJKBRHGP5D4bD4sWpmSwMn52FMfXEA consumed 2098 of 272438 compute units
    Program pAMMBay6oceH9fJKBRHGP5D4bD4sWpmSwMn52FMfXEA success
    Program pAMMBay6oceH9fJKBRHGP5D4bD4sWpmSwMn52FMfXEA consumed 84433 of 353065 compute units
    Program pAMMBay6oceH9fJKBRHGP5D4bD4sWpmSwMn52FMfXEA success
    Program CnddPhKV1fnKE7ic5nSJcoVq2XFmQ9daE3tuqc2u6qTt consumed 131249 of 399700 compute units
    Program CnddPhKV1fnKE7ic5nSJcoVq2XFmQ9daE3tuqc2u6qTt failed: custom program error: 0x6
GOLDEN  wrote /home/louis/arb-exec/tests/golden_hops/dp.json seq=dlmm-pump id=1 n_acc=43 match=True
GOLDEN  wrote /home/louis/arb-cap/fam6/golden_hops/dp.json seq=dlmm-pump id=1 n_acc=43 match=True
RECOVER  dlmm-pump id=1 custom6=True cu=131549 raw=837 alt=True err={'InstructionError': [2, {'Custom': 6}]}
  simulate err={'InstructionError': [2, {'Custom': 6}]} cu=145413 logs=55
    Program ComputeBudget111111111111111111111111111111 invoke [1]
    Program ComputeBudget111111111111111111111111111111 success
    Program ComputeBudget111111111111111111111111111111 invoke [1]
    Program ComputeBudget111111111111111111111111111111 success
    Program CnddPhKV1fnKE7ic5nSJcoVq2XFmQ9daE3tuqc2u6qTt invoke [1]
    Program pAMMBay6oceH9fJKBRHGP5D4bD4sWpmSwMn52FMfXEA invoke [2]
    Program log: Instruction: BuyExactQuoteIn
    Program 11111111111111111111111111111111 invoke [3]
    Program 11111111111111111111111111111111 success
    Program pfeeUxB6jkeY1Hxd7CsFCAjcbHA9rWtchMGdZ6VojVZ invoke [3]
    Program log: Instruction: GetFeesWithQuoteMint
    Program pfeeUxB6jkeY1Hxd7CsFCAjcbHA9rWtchMGdZ6VojVZ consumed 6051 of 350611 compute units
    Program return: pfeeUxB6jkeY1Hxd7CsFCAjcbHA9rWtchMGdZ6VojVZ FAAAAAAAAAAFAAAAAAAAAEsAAAAAAAAA
    Program pfeeUxB6jkeY1Hxd7CsFCAjcbHA9rWtchMGdZ6VojVZ success
    Program TokenzQdBNbLqP5VEhdkAS6EPFLC1PHnBqCXEpPxuEb invoke [3]
    Program log: Instruction: TransferChecked
    Program TokenzQdBNbLqP5VEhdkAS6EPFLC1PHnBqCXEpPxuEb consumed 2562 of 339188 compute units
    Program TokenzQdBNbLqP5VEhdkAS6EPFLC1PHnBqCXEpPxuEb success
    Program TokenkegQfeZyiNwAJbNbGKPFXCWuBvf9Ss623VQ5DA invoke [3]
    Program TokenkegQfeZyiNwAJbNbGKPFXCWuBvf9Ss623VQ5DA consumed 112 of 334122 compute units
    ...
    Program LBUZKhRxPF3XUpBCjp4YzTKgLccjZhTSDM9YuVaPwxo consumed 772 of 256590 compute units
    Program LBUZKhRxPF3XUpBCjp4YzTKgLccjZhTSDM9YuVaPwxo success
    Program LBUZKhRxPF3XUpBCjp4YzTKgLccjZhTSDM9YuVaPwxo consumed 36543 of 291311 compute units
    Program LBUZKhRxPF3XUpBCjp4YzTKgLccjZhTSDM9YuVaPwxo success
    Program CnddPhKV1fnKE7ic5nSJcoVq2XFmQ9daE3tuqc2u6qTt consumed 145113 of 399700 compute units
    Program CnddPhKV1fnKE7ic5nSJcoVq2XFmQ9daE3tuqc2u6qTt failed: custom program error: 0x6
GOLDEN  wrote /home/louis/arb-exec/tests/golden_hops/pd.json seq=pump-dlmm id=152 n_acc=45 match=True
GOLDEN  wrote /home/louis/arb-cap/fam6/golden_hops/pd.json seq=pump-dlmm id=152 n_acc=45 match=True
RECOVER  pump-dlmm id=152 custom6=True cu=145413 raw=841 alt=True err={'InstructionError': [2, {'Custom': 6}]}
RECOVER  proven 3/3 PASS
RECOVER  pump-pump resolve-skip id=173 VECTOR_FAIL role=coin_creator reason=MISSING pool=7K7U6AUvgJH52ShbNrBcZae1zoGbZz7yay1P89Es5woX pool_creator=9UqBvwTW1WU3e5TTEtSqY7SBcRgN89qZeCiMH8ag1JR7
RECOVER  pump-pump resolve-skip id=176 VECTOR_FAIL role=coin_creator reason=MISSING pool=Abaakv6c8ra8pSGiTmV4BYHmxfLsdjoMNz51UGdWLie4 pool_creator=EGNGAFNip7BDMUdZ3sCr7fJnkvq3EkeWTYKAwzeML4MY
RECOVER  pump-pump resolve-skip id=180 VECTOR_FAIL role=coin_creator reason=MISSING pool=43PW2g6CPCtKvdBCsCuDUuztNFGo4xb6qeRUeZP6tZnX pool_creator=9vfHbSJ9EDzhHxpSV9Trd1EWQ1SyB928RwPGFXwWxnT1
RECOVER  pump-pump resolve-skip id=186 VECTOR_FAIL role=coin_creator reason=MISSING pool=5GVBaRJy2r5T3ccY3D4jLBJm12wHrxDCNyUfe62FipyS pool_creator=tmUCbWDUfE9id4mUjxjLAwtE2vEAQEuTwA8W4kqWQp2
RECOVER  pump-pump resolve-skip id=192 VECTOR_FAIL role=coin_creator reason=MISSING pool=VJf32Y1CFnaeHhaPnEEspP7T9AyYTYadx1WBbxkx4KQ pool_creator=CHgs5E2S7hZy7uRhTcsDdhFqoEzDzPhRS7CuBFZBBWjc
RECOVER  pump-pump resolve-skip id=197 VECTOR_FAIL role=coin_creator reason=MISSING pool=rrD9TypT3ft7wdCuMhaZ4RzvwJ14LLpEjVMMfKDTVQU pool_creator=HywWXRzAd8xeEjvccM41BJbNzTagrGodZfJMrz9XpWMN
RECOVER  pump-pump resolve-skip id=203 VECTOR_FAIL role=coin_creator reason=MISSING pool=Mah2d8pT3w5JfBt7AqZLeFBF5tfgdDWAHmJoQdLwLzX pool_creator=36czh7sLqQVtmvdGhghigwKBK52Pi7ouXQnjohFDRJTA
RECOVER  pump-pump resolve-skip id=205 VECTOR_FAIL role=coin_creator reason=MISSING pool=9XL3m3Aj1drrcS1v95uUPzntUzJdsCpPUDezeXd2ueon pool_creator=Dy1bJ4RCMtZEkaBhwd4kDurd2siqLCGcgyoF9QzfXYBo
RECOVER  pump-pump resolve-skip id=210 VECTOR_FAIL role=coin_creator reason=MISSING pool=2kYQVpASZDhozveWrB3YPYocqUY7LESXFNsKkznv1E2j pool_creator=EGNGAFNip7BDMUdZ3sCr7fJnkvq3EkeWTYKAwzeML4MY
RECOVER  pump-pump resolve-skip id=216 VECTOR_FAIL role=coin_creator reason=MISSING pool=8kfZkZw1MTmxoTDzPTdGL31Ed193aYPFa3nwS1AKhYEE pool_creator=856T5MbxgjK3zSRW9DEDN32Vk5aCBywNZ74ryE9xH9yD
RECOVER  pump-pump resolve-skip id=221 VECTOR_FAIL role=coin_creator reason=MISSING pool=7czW7oGc1Rs7i18Rt2xdL9EKGxPukNmMhi7VdDTwjQaE pool_creator=2MxP3zLy9PNegRAwSfG6WeErEiKoU8Ai8dLb6z3ECPrv
RECOVER  pump-pump resolve-skip id=225 VECTOR_FAIL role=coin_creator reason=MISSING pool=GbyTnKNoSbBEuTt3W4ZKPjCNaFaFTRjYPNDVB1Cf8m8P pool_creator=6xGcB7NxXs853rSth2E6b91FpyiH7u5o23SCNocg6sgr
RECOVER  pump-pump resolve-skip id=231 VECTOR_FAIL role=coin_creator reason=MISSING pool=2TtUS5ADKUkmsnj4wNygN9zxMDh8XewKoyC8jLBGLvuR pool_creator=8tWF3tcD64f9sHp9q1QcK6YxeLq9kTaa9DdfErViFLa
RECOVER  pump-pump resolve-skip id=233 VECTOR_FAIL role=coin_creator reason=MISSING pool=4ka8BrmspaG6oPoCrLy7q9yJ2X9aUW2JbVfAESA2cYia pool_creator=3nNoHq68tjnHqLazNwBxh4piQ3mLzKMqbwMq7ifKhrgZ
RECOVER  pump-pump resolve-skip id=237 VECTOR_FAIL role=coin_creator reason=MISSING pool=RA1HTmQgmA35zp35EfcktrF9sKVh4m5x6qSD788BWhA pool_creator=3Y7LV2uC8kpRN2htzyGuG8LFGXP73mD3o9KPMkoqCPCB
RECOVER  pump-pump resolve-skip id=239 VECTOR_FAIL role=coin_creator reason=MISSING pool=Tyo8Q92Ge5YjGGZZtmV1FgwEqFJEY3UgEpEUQHjvTVG pool_creator=LSBhRC1xwaon4esif5Zy8paXPWBoDCP2EMHtLyVwLo2
RECOVER  pump-pump resolve-skip id=242 VECTOR_FAIL role=coin_creator reason=MISSING pool=7mETms4aUreNwHSL6ZnXntWw8cGiBTcNjHKm1o159tSQ pool_creator=AWHJF7xAouuNqkq4BuX1tYEkGd43qSgrCoBsgR5tQzrw
RECOVER  pump-pump resolve-skip id=244 VECTOR_FAIL role=coin_creator reason=MISSING pool=FbRpnhQjeGpNW2e9JMQyJwxg6ei6hnUNAbrdzso1Gwhy pool_creator=4kg8oh3jdNtn7j2wcS7TrUua31AgbLzDVkBZgTAe44aF
RECOVER  pump-pump resolve-skip id=247 VECTOR_FAIL role=coin_creator reason=MISSING pool=ECE2mWMQZUa8i8qGchuSAB66QzDN3WUhhtGRMbgNL3L pool_creator=HRyKYy3AHfbsb12cASs83HfueNHa9VNAzr9B8NGXdkU
RECOVER  pump-pump resolve-skip id=250 VECTOR_FAIL role=coin_creator reason=MISSING pool=2JSLMHVjeBsx7vzbAuwJnBtBqoPzdmz2uMWkt4d524Gc pool_creator=DzPGxwwwwFfKpJoFqThCHEdhZ8UdF247dfx3W8uZYMbZ
RECOVER  pump-pump resolve-skip id=254 VECTOR_FAIL role=coin_creator reason=MISSING pool=MRPEumEGYq184Uq4TrmEpz1W7Usmb64BHBt4mSUBPFc pool_creator=6xGcB7NxXs853rSth2E6b91FpyiH7u5o23SCNocg6sgr
RECOVER  pump-pump resolve-skip id=256 VECTOR_FAIL role=coin_creator reason=MISSING pool=WuKc2iHwWoSbnRocxTLju3Z1kyzseXWuzWzz7ap2mHN pool_creator=HHmBVa2XuvLxKupS2GjyDcEF8ACAdRftHTGFU2V6gzZo
RECOVER  pump-pump resolve-skip id=258 VECTOR_FAIL role=coin_creator reason=MISSING pool=88KwfNjZBsatA3RmVteGV1uqzm3up4ZiQxYSiFjPsiUD pool_creator=E4aAs2ZpsWpy6WMXjdhF32BVZUnwsjRMwVtyQbZddn1z
RECOVER  pump-pump resolve-skip id=260 VECTOR_FAIL role=coin_creator reason=MISSING pool=88KwfNjZBsatA3RmVteGV1uqzm3up4ZiQxYSiFjPsiUD pool_creator=E4aAs2ZpsWpy6WMXjdhF32BVZUnwsjRMwVtyQbZddn1z
  simulate err={'InstructionError': [2, 'IncorrectProgramId']} cu=118593 logs=56
    Program ComputeBudget111111111111111111111111111111 invoke [1]
    Program ComputeBudget111111111111111111111111111111 success
    Program ComputeBudget111111111111111111111111111111 invoke [1]
    Program ComputeBudget111111111111111111111111111111 success
    Program CnddPhKV1fnKE7ic5nSJcoVq2XFmQ9daE3tuqc2u6qTt invoke [1]
    Program LBUZKhRxPF3XUpBCjp4YzTKgLccjZhTSDM9YuVaPwxo invoke [2]
    Program log: Instruction: Swap2
    Program LBUZKhRxPF3XUpBCjp4YzTKgLccjZhTSDM9YuVaPwxo invoke [3]
    Program LBUZKhRxPF3XUpBCjp4YzTKgLccjZhTSDM9YuVaPwxo consumed 772 of 370781 compute units
    Program LBUZKhRxPF3XUpBCjp4YzTKgLccjZhTSDM9YuVaPwxo success
    Program TokenkegQfeZyiNwAJbNbGKPFXCWuBvf9Ss623VQ5DA invoke [3]
    Program TokenkegQfeZyiNwAJbNbGKPFXCWuBvf9Ss623VQ5DA consumed 112 of 367967 compute units
    Program TokenkegQfeZyiNwAJbNbGKPFXCWuBvf9Ss623VQ5DA success
    Program TokenzQdBNbLqP5VEhdkAS6EPFLC1PHnBqCXEpPxuEb invoke [3]
    Program log: Instruction: TransferChecked
    Program TokenzQdBNbLqP5VEhdkAS6EPFLC1PHnBqCXEpPxuEb consumed 3432 of 364984 compute units
    Program TokenzQdBNbLqP5VEhdkAS6EPFLC1PHnBqCXEpPxuEb success
    Program LBUZKhRxPF3XUpBCjp4YzTKgLccjZhTSDM9YuVaPwxo invoke [3]
    Program LBUZKhRxPF3XUpBCjp4YzTKgLccjZhTSDM9YuVaPwxo consumed 772 of 358841 compute units
    Program LBUZKhRxPF3XUpBCjp4YzTKgLccjZhTSDM9YuVaPwxo success
    ...
    Program TokenzQdBNbLqP5VEhdkAS6EPFLC1PHnBqCXEpPxuEb consumed 1305 of 282712 compute units
    Program TokenzQdBNbLqP5VEhdkAS6EPFLC1PHnBqCXEpPxuEb failed: incorrect program id for instruction
    Program LBUZKhRxPF3XUpBCjp4YzTKgLccjZhTSDM9YuVaPwxo consumed 30120 of 311527 compute units
    Program LBUZKhRxPF3XUpBCjp4YzTKgLccjZhTSDM9YuVaPwxo failed: incorrect program id for instruction
    Program CnddPhKV1fnKE7ic5nSJcoVq2XFmQ9daE3tuqc2u6qTt consumed 118293 of 399700 compute units
    Program CnddPhKV1fnKE7ic5nSJcoVq2XFmQ9daE3tuqc2u6qTt failed: incorrect program id for instruction
RECOVER  dlmm-dlmm-dlmm id=582 custom6=False cu=118593 raw=1230 alt=False err={'InstructionError': [2, 'IncorrectProgramId']}
  simulate err={'InstructionError': [2, 'IncorrectProgramId']} cu=118661 logs=56
    Program ComputeBudget111111111111111111111111111111 invoke [1]
    Program ComputeBudget111111111111111111111111111111 success
    Program ComputeBudget111111111111111111111111111111 invoke [1]
    Program ComputeBudget111111111111111111111111111111 success
    Program CnddPhKV1fnKE7ic5nSJcoVq2XFmQ9daE3tuqc2u6qTt invoke [1]
    Program LBUZKhRxPF3XUpBCjp4YzTKgLccjZhTSDM9YuVaPwxo invoke [2]
    Program log: Instruction: Swap2
    Program LBUZKhRxPF3XUpBCjp4YzTKgLccjZhTSDM9YuVaPwxo invoke [3]
    Program LBUZKhRxPF3XUpBCjp4YzTKgLccjZhTSDM9YuVaPwxo consumed 772 of 370781 compute units
    Program LBUZKhRxPF3XUpBCjp4YzTKgLccjZhTSDM9YuVaPwxo success
    Program TokenkegQfeZyiNwAJbNbGKPFXCWuBvf9Ss623VQ5DA invoke [3]
    Program TokenkegQfeZyiNwAJbNbGKPFXCWuBvf9Ss623VQ5DA consumed 112 of 367967 compute units
    Program TokenkegQfeZyiNwAJbNbGKPFXCWuBvf9Ss623VQ5DA success
    Program TokenzQdBNbLqP5VEhdkAS6EPFLC1PHnBqCXEpPxuEb invoke [3]
    Program log: Instruction: TransferChecked
    Program TokenzQdBNbLqP5VEhdkAS6EPFLC1PHnBqCXEpPxuEb consumed 3432 of 364984 compute units
    Program TokenzQdBNbLqP5VEhdkAS6EPFLC1PHnBqCXEpPxuEb success
    Program LBUZKhRxPF3XUpBCjp4YzTKgLccjZhTSDM9YuVaPwxo invoke [3]
    Program LBUZKhRxPF3XUpBCjp4YzTKgLccjZhTSDM9YuVaPwxo consumed 772 of 358841 compute units
    Program LBUZKhRxPF3XUpBCjp4YzTKgLccjZhTSDM9YuVaPwxo success
    ...
    Program TokenzQdBNbLqP5VEhdkAS6EPFLC1PHnBqCXEpPxuEb consumed 1305 of 282644 compute units
    Program TokenzQdBNbLqP5VEhdkAS6EPFLC1PHnBqCXEpPxuEb failed: incorrect program id for instruction
    Program LBUZKhRxPF3XUpBCjp4YzTKgLccjZhTSDM9YuVaPwxo consumed 30188 of 311527 compute units
    Program LBUZKhRxPF3XUpBCjp4YzTKgLccjZhTSDM9YuVaPwxo failed: incorrect program id for instruction
    Program CnddPhKV1fnKE7ic5nSJcoVq2XFmQ9daE3tuqc2u6qTt consumed 118361 of 399700 compute units
    Program CnddPhKV1fnKE7ic5nSJcoVq2XFmQ9daE3tuqc2u6qTt failed: incorrect program id for instruction
RECOVER  dlmm-dlmm-dlmm id=583 custom6=False cu=118661 raw=1230 alt=False err={'InstructionError': [2, 'IncorrectProgramId']}
  simulate err={'InstructionError': [2, 'IncorrectProgramId']} cu=118854 logs=56
    Program ComputeBudget111111111111111111111111111111 invoke [1]
    Program ComputeBudget111111111111111111111111111111 success
    Program ComputeBudget111111111111111111111111111111 invoke [1]
    Program ComputeBudget111111111111111111111111111111 success
    Program CnddPhKV1fnKE7ic5nSJcoVq2XFmQ9daE3tuqc2u6qTt invoke [1]
    Program LBUZKhRxPF3XUpBCjp4YzTKgLccjZhTSDM9YuVaPwxo invoke [2]
    Program log: Instruction: Swap2
    Program LBUZKhRxPF3XUpBCjp4YzTKgLccjZhTSDM9YuVaPwxo invoke [3]
    Program LBUZKhRxPF3XUpBCjp4YzTKgLccjZhTSDM9YuVaPwxo consumed 772 of 370781 compute units
    Program LBUZKhRxPF3XUpBCjp4YzTKgLccjZhTSDM9YuVaPwxo success
    Program TokenkegQfeZyiNwAJbNbGKPFXCWuBvf9Ss623VQ5DA invoke [3]
    Program TokenkegQfeZyiNwAJbNbGKPFXCWuBvf9Ss623VQ5DA consumed 112 of 367967 compute units
    Program TokenkegQfeZyiNwAJbNbGKPFXCWuBvf9Ss623VQ5DA success
    Program TokenzQdBNbLqP5VEhdkAS6EPFLC1PHnBqCXEpPxuEb invoke [3]
    Program log: Instruction: TransferChecked
    Program TokenzQdBNbLqP5VEhdkAS6EPFLC1PHnBqCXEpPxuEb consumed 3432 of 364984 compute units
    Program TokenzQdBNbLqP5VEhdkAS6EPFLC1PHnBqCXEpPxuEb success
    Program LBUZKhRxPF3XUpBCjp4YzTKgLccjZhTSDM9YuVaPwxo invoke [3]
    Program LBUZKhRxPF3XUpBCjp4YzTKgLccjZhTSDM9YuVaPwxo consumed 772 of 358841 compute units
    Program LBUZKhRxPF3XUpBCjp4YzTKgLccjZhTSDM9YuVaPwxo success
    ...
    Program TokenzQdBNbLqP5VEhdkAS6EPFLC1PHnBqCXEpPxuEb consumed 1305 of 282451 compute units
    Program TokenzQdBNbLqP5VEhdkAS6EPFLC1PHnBqCXEpPxuEb failed: incorrect program id for instruction
    Program LBUZKhRxPF3XUpBCjp4YzTKgLccjZhTSDM9YuVaPwxo consumed 30367 of 311513 compute units
    Program LBUZKhRxPF3XUpBCjp4YzTKgLccjZhTSDM9YuVaPwxo failed: incorrect program id for instruction
    Program CnddPhKV1fnKE7ic5nSJcoVq2XFmQ9daE3tuqc2u6qTt consumed 118554 of 399700 compute units
    Program CnddPhKV1fnKE7ic5nSJcoVq2XFmQ9daE3tuqc2u6qTt failed: incorrect program id for instruction
RECOVER  dlmm-dlmm-dlmm id=584 custom6=False cu=118854 raw=1230 alt=False err={'InstructionError': [2, 'IncorrectProgramId']}
rpc 429 getMultipleAccounts backoff 2s
rpc 429 getMultipleAccounts backoff 2s
  simulate err={'InstructionError': [2, 'IncorrectProgramId']} cu=118823 logs=56
    Program ComputeBudget111111111111111111111111111111 invoke [1]
    Program ComputeBudget111111111111111111111111111111 success
    Program ComputeBudget111111111111111111111111111111 invoke [1]
    Program ComputeBudget111111111111111111111111111111 success
    Program CnddPhKV1fnKE7ic5nSJcoVq2XFmQ9daE3tuqc2u6qTt invoke [1]
    Program LBUZKhRxPF3XUpBCjp4YzTKgLccjZhTSDM9YuVaPwxo invoke [2]
    Program log: Instruction: Swap2
    Program LBUZKhRxPF3XUpBCjp4YzTKgLccjZhTSDM9YuVaPwxo invoke [3]
    Program LBUZKhRxPF3XUpBCjp4YzTKgLccjZhTSDM9YuVaPwxo consumed 772 of 370781 compute units
    Program LBUZKhRxPF3XUpBCjp4YzTKgLccjZhTSDM9YuVaPwxo success
    Program TokenkegQfeZyiNwAJbNbGKPFXCWuBvf9Ss623VQ5DA invoke [3]
    Program TokenkegQfeZyiNwAJbNbGKPFXCWuBvf9Ss623VQ5DA consumed 112 of 367967 compute units
    Program TokenkegQfeZyiNwAJbNbGKPFXCWuBvf9Ss623VQ5DA success
    Program TokenzQdBNbLqP5VEhdkAS6EPFLC1PHnBqCXEpPxuEb invoke [3]
    Program log: Instruction: TransferChecked
    Program TokenzQdBNbLqP5VEhdkAS6EPFLC1PHnBqCXEpPxuEb consumed 3432 of 364984 compute units
    Program TokenzQdBNbLqP5VEhdkAS6EPFLC1PHnBqCXEpPxuEb success
    Program LBUZKhRxPF3XUpBCjp4YzTKgLccjZhTSDM9YuVaPwxo invoke [3]
    Program LBUZKhRxPF3XUpBCjp4YzTKgLccjZhTSDM9YuVaPwxo consumed 772 of 358841 compute units
    Program LBUZKhRxPF3XUpBCjp4YzTKgLccjZhTSDM9YuVaPwxo success
    ...
    Program TokenzQdBNbLqP5VEhdkAS6EPFLC1PHnBqCXEpPxuEb consumed 1305 of 282482 compute units
    Program TokenzQdBNbLqP5VEhdkAS6EPFLC1PHnBqCXEpPxuEb failed: incorrect program id for instruction
    Program LBUZKhRxPF3XUpBCjp4YzTKgLccjZhTSDM9YuVaPwxo consumed 30359 of 311536 compute units
    Program LBUZKhRxPF3XUpBCjp4YzTKgLccjZhTSDM9YuVaPwxo failed: incorrect program id for instruction
    Program CnddPhKV1fnKE7ic5nSJcoVq2XFmQ9daE3tuqc2u6qTt consumed 118523 of 399700 compute units
    Program CnddPhKV1fnKE7ic5nSJcoVq2XFmQ9daE3tuqc2u6qTt failed: incorrect program id for instruction
RECOVER  dlmm-dlmm-dlmm id=585 custom6=False cu=118823 raw=1230 alt=False err={'InstructionError': [2, 'IncorrectProgramId']}
  simulate err={'InstructionError': [2, 'IncorrectProgramId']} cu=118820 logs=56
    Program ComputeBudget111111111111111111111111111111 invoke [1]
    Program ComputeBudget111111111111111111111111111111 success
    Program ComputeBudget111111111111111111111111111111 invoke [1]
    Program ComputeBudget111111111111111111111111111111 success
    Program CnddPhKV1fnKE7ic5nSJcoVq2XFmQ9daE3tuqc2u6qTt invoke [1]
    Program LBUZKhRxPF3XUpBCjp4YzTKgLccjZhTSDM9YuVaPwxo invoke [2]
    Program log: Instruction: Swap2
    Program LBUZKhRxPF3XUpBCjp4YzTKgLccjZhTSDM9YuVaPwxo invoke [3]
    Program LBUZKhRxPF3XUpBCjp4YzTKgLccjZhTSDM9YuVaPwxo consumed 772 of 370781 compute units
    Program LBUZKhRxPF3XUpBCjp4YzTKgLccjZhTSDM9YuVaPwxo success
    Program TokenkegQfeZyiNwAJbNbGKPFXCWuBvf9Ss623VQ5DA invoke [3]
    Program TokenkegQfeZyiNwAJbNbGKPFXCWuBvf9Ss623VQ5DA consumed 112 of 367967 compute units
    Program TokenkegQfeZyiNwAJbNbGKPFXCWuBvf9Ss623VQ5DA success
    Program TokenzQdBNbLqP5VEhdkAS6EPFLC1PHnBqCXEpPxuEb invoke [3]
    Program log: Instruction: TransferChecked
    Program TokenzQdBNbLqP5VEhdkAS6EPFLC1PHnBqCXEpPxuEb consumed 3432 of 364984 compute units
    Program TokenzQdBNbLqP5VEhdkAS6EPFLC1PHnBqCXEpPxuEb success
    Program LBUZKhRxPF3XUpBCjp4YzTKgLccjZhTSDM9YuVaPwxo invoke [3]
    Program LBUZKhRxPF3XUpBCjp4YzTKgLccjZhTSDM9YuVaPwxo consumed 772 of 358841 compute units
    Program LBUZKhRxPF3XUpBCjp4YzTKgLccjZhTSDM9YuVaPwxo success
    ...
    Program TokenzQdBNbLqP5VEhdkAS6EPFLC1PHnBqCXEpPxuEb consumed 1305 of 282485 compute units
    Program TokenzQdBNbLqP5VEhdkAS6EPFLC1PHnBqCXEpPxuEb failed: incorrect program id for instruction
    Program LBUZKhRxPF3XUpBCjp4YzTKgLccjZhTSDM9YuVaPwxo consumed 30356 of 311536 compute units
    Program LBUZKhRxPF3XUpBCjp4YzTKgLccjZhTSDM9YuVaPwxo failed: incorrect program id for instruction
    Program CnddPhKV1fnKE7ic5nSJcoVq2XFmQ9daE3tuqc2u6qTt consumed 118520 of 399700 compute units
    Program CnddPhKV1fnKE7ic5nSJcoVq2XFmQ9daE3tuqc2u6qTt failed: incorrect program id for instruction
RECOVER  dlmm-dlmm-dlmm id=586 custom6=False cu=118820 raw=1230 alt=False err={'InstructionError': [2, 'IncorrectProgramId']}
  simulate err={'InstructionError': [2, 'IncorrectProgramId']} cu=118566 logs=56
    Program ComputeBudget111111111111111111111111111111 invoke [1]
    Program ComputeBudget111111111111111111111111111111 success
    Program ComputeBudget111111111111111111111111111111 invoke [1]
    Program ComputeBudget111111111111111111111111111111 success
    Program CnddPhKV1fnKE7ic5nSJcoVq2XFmQ9daE3tuqc2u6qTt invoke [1]
    Program LBUZKhRxPF3XUpBCjp4YzTKgLccjZhTSDM9YuVaPwxo invoke [2]
    Program log: Instruction: Swap2
    Program LBUZKhRxPF3XUpBCjp4YzTKgLccjZhTSDM9YuVaPwxo invoke [3]
    Program LBUZKhRxPF3XUpBCjp4YzTKgLccjZhTSDM9YuVaPwxo consumed 772 of 370781 compute units
    Program LBUZKhRxPF3XUpBCjp4YzTKgLccjZhTSDM9YuVaPwxo success
    Program TokenkegQfeZyiNwAJbNbGKPFXCWuBvf9Ss623VQ5DA invoke [3]
    Program TokenkegQfeZyiNwAJbNbGKPFXCWuBvf9Ss623VQ5DA consumed 112 of 367967 compute units
    Program TokenkegQfeZyiNwAJbNbGKPFXCWuBvf9Ss623VQ5DA success
    Program TokenzQdBNbLqP5VEhdkAS6EPFLC1PHnBqCXEpPxuEb invoke [3]
    Program log: Instruction: TransferChecked
    Program TokenzQdBNbLqP5VEhdkAS6EPFLC1PHnBqCXEpPxuEb consumed 3432 of 364984 compute units
    Program TokenzQdBNbLqP5VEhdkAS6EPFLC1PHnBqCXEpPxuEb success
    Program LBUZKhRxPF3XUpBCjp4YzTKgLccjZhTSDM9YuVaPwxo invoke [3]
    Program LBUZKhRxPF3XUpBCjp4YzTKgLccjZhTSDM9YuVaPwxo consumed 772 of 358841 compute units
    Program LBUZKhRxPF3XUpBCjp4YzTKgLccjZhTSDM9YuVaPwxo success
    ...
    Program TokenzQdBNbLqP5VEhdkAS6EPFLC1PHnBqCXEpPxuEb consumed 1305 of 282739 compute units
    Program TokenzQdBNbLqP5VEhdkAS6EPFLC1PHnBqCXEpPxuEb failed: incorrect program id for instruction
    Program LBUZKhRxPF3XUpBCjp4YzTKgLccjZhTSDM9YuVaPwxo consumed 30101 of 311535 compute units
    Program LBUZKhRxPF3XUpBCjp4YzTKgLccjZhTSDM9YuVaPwxo failed: incorrect program id for instruction
    Program CnddPhKV1fnKE7ic5nSJcoVq2XFmQ9daE3tuqc2u6qTt consumed 118266 of 399700 compute units
    Program CnddPhKV1fnKE7ic5nSJcoVq2XFmQ9daE3tuqc2u6qTt failed: incorrect program id for instruction
RECOVER  dlmm-dlmm-dlmm id=587 custom6=False cu=118566 raw=1230 alt=False err={'InstructionError': [2, 'IncorrectProgramId']}
  simulate err={'InstructionError': [2, 'IncorrectProgramId']} cu=118536 logs=56
    Program ComputeBudget111111111111111111111111111111 invoke [1]
    Program ComputeBudget111111111111111111111111111111 success
    Program ComputeBudget111111111111111111111111111111 invoke [1]
    Program ComputeBudget111111111111111111111111111111 success
    Program CnddPhKV1fnKE7ic5nSJcoVq2XFmQ9daE3tuqc2u6qTt invoke [1]
    Program LBUZKhRxPF3XUpBCjp4YzTKgLccjZhTSDM9YuVaPwxo invoke [2]
    Program log: Instruction: Swap2
    Program LBUZKhRxPF3XUpBCjp4YzTKgLccjZhTSDM9YuVaPwxo invoke [3]
    Program LBUZKhRxPF3XUpBCjp4YzTKgLccjZhTSDM9YuVaPwxo consumed 772 of 370781 compute units
    Program LBUZKhRxPF3XUpBCjp4YzTKgLccjZhTSDM9YuVaPwxo success
    Program TokenkegQfeZyiNwAJbNbGKPFXCWuBvf9Ss623VQ5DA invoke [3]
    Program TokenkegQfeZyiNwAJbNbGKPFXCWuBvf9Ss623VQ5DA consumed 112 of 367967 compute units
    Program TokenkegQfeZyiNwAJbNbGKPFXCWuBvf9Ss623VQ5DA success
    Program TokenzQdBNbLqP5VEhdkAS6EPFLC1PHnBqCXEpPxuEb invoke [3]
    Program log: Instruction: TransferChecked
    Program TokenzQdBNbLqP5VEhdkAS6EPFLC1PHnBqCXEpPxuEb consumed 3432 of 364984 compute units
    Program TokenzQdBNbLqP5VEhdkAS6EPFLC1PHnBqCXEpPxuEb success
    Program LBUZKhRxPF3XUpBCjp4YzTKgLccjZhTSDM9YuVaPwxo invoke [3]
    Program LBUZKhRxPF3XUpBCjp4YzTKgLccjZhTSDM9YuVaPwxo consumed 772 of 358841 compute units
    Program LBUZKhRxPF3XUpBCjp4YzTKgLccjZhTSDM9YuVaPwxo success
    ...
    Program TokenzQdBNbLqP5VEhdkAS6EPFLC1PHnBqCXEpPxuEb consumed 1305 of 282769 compute units
    Program TokenzQdBNbLqP5VEhdkAS6EPFLC1PHnBqCXEpPxuEb failed: incorrect program id for instruction
    Program LBUZKhRxPF3XUpBCjp4YzTKgLccjZhTSDM9YuVaPwxo consumed 30072 of 311536 compute units
    Program LBUZKhRxPF3XUpBCjp4YzTKgLccjZhTSDM9YuVaPwxo failed: incorrect program id for instruction
    Program CnddPhKV1fnKE7ic5nSJcoVq2XFmQ9daE3tuqc2u6qTt consumed 118236 of 399700 compute units
    Program CnddPhKV1fnKE7ic5nSJcoVq2XFmQ9daE3tuqc2u6qTt failed: incorrect program id for instruction
RECOVER  dlmm-dlmm-dlmm id=588 custom6=False cu=118536 raw=1230 alt=False err={'InstructionError': [2, 'IncorrectProgramId']}
  simulate err={'InstructionError': [2, 'IncorrectProgramId']} cu=118882 logs=56
    Program ComputeBudget111111111111111111111111111111 invoke [1]
    Program ComputeBudget111111111111111111111111111111 success
    Program ComputeBudget111111111111111111111111111111 invoke [1]
    Program ComputeBudget111111111111111111111111111111 success
    Program CnddPhKV1fnKE7ic5nSJcoVq2XFmQ9daE3tuqc2u6qTt invoke [1]
    Program LBUZKhRxPF3XUpBCjp4YzTKgLccjZhTSDM9YuVaPwxo invoke [2]
    Program log: Instruction: Swap2
    Program LBUZKhRxPF3XUpBCjp4YzTKgLccjZhTSDM9YuVaPwxo invoke [3]
    Program LBUZKhRxPF3XUpBCjp4YzTKgLccjZhTSDM9YuVaPwxo consumed 772 of 370781 compute units
    Program LBUZKhRxPF3XUpBCjp4YzTKgLccjZhTSDM9YuVaPwxo success
    Program TokenkegQfeZyiNwAJbNbGKPFXCWuBvf9Ss623VQ5DA invoke [3]
    Program TokenkegQfeZyiNwAJbNbGKPFXCWuBvf9Ss623VQ5DA consumed 112 of 367967 compute units
    Program TokenkegQfeZyiNwAJbNbGKPFXCWuBvf9Ss623VQ5DA success
    Program TokenzQdBNbLqP5VEhdkAS6EPFLC1PHnBqCXEpPxuEb invoke [3]
    Program log: Instruction: TransferChecked
    Program TokenzQdBNbLqP5VEhdkAS6EPFLC1PHnBqCXEpPxuEb consumed 3432 of 364984 compute units
    Program TokenzQdBNbLqP5VEhdkAS6EPFLC1PHnBqCXEpPxuEb success
    Program LBUZKhRxPF3XUpBCjp4YzTKgLccjZhTSDM9YuVaPwxo invoke [3]
    Program LBUZKhRxPF3XUpBCjp4YzTKgLccjZhTSDM9YuVaPwxo consumed 772 of 358841 compute units
    Program LBUZKhRxPF3XUpBCjp4YzTKgLccjZhTSDM9YuVaPwxo success
    ...
    Program TokenzQdBNbLqP5VEhdkAS6EPFLC1PHnBqCXEpPxuEb consumed 1305 of 282423 compute units
    Program TokenzQdBNbLqP5VEhdkAS6EPFLC1PHnBqCXEpPxuEb failed: incorrect program id for instruction
    Program LBUZKhRxPF3XUpBCjp4YzTKgLccjZhTSDM9YuVaPwxo consumed 30418 of 311536 compute units
    Program LBUZKhRxPF3XUpBCjp4YzTKgLccjZhTSDM9YuVaPwxo failed: incorrect program id for instruction
    Program CnddPhKV1fnKE7ic5nSJcoVq2XFmQ9daE3tuqc2u6qTt consumed 118582 of 399700 compute units
    Program CnddPhKV1fnKE7ic5nSJcoVq2XFmQ9daE3tuqc2u6qTt failed: incorrect program id for instruction
RECOVER  dlmm-dlmm-dlmm id=590 custom6=False cu=118882 raw=1230 alt=False err={'InstructionError': [2, 'IncorrectProgramId']}
  simulate err={'InstructionError': [2, 'IncorrectProgramId']} cu=118657 logs=56
    Program ComputeBudget111111111111111111111111111111 invoke [1]
    Program ComputeBudget111111111111111111111111111111 success
    Program ComputeBudget111111111111111111111111111111 invoke [1]
    Program ComputeBudget111111111111111111111111111111 success
    Program CnddPhKV1fnKE7ic5nSJcoVq2XFmQ9daE3tuqc2u6qTt invoke [1]
    Program LBUZKhRxPF3XUpBCjp4YzTKgLccjZhTSDM9YuVaPwxo invoke [2]
    Program log: Instruction: Swap2
    Program LBUZKhRxPF3XUpBCjp4YzTKgLccjZhTSDM9YuVaPwxo invoke [3]
    Program LBUZKhRxPF3XUpBCjp4YzTKgLccjZhTSDM9YuVaPwxo consumed 772 of 370781 compute units
    Program LBUZKhRxPF3XUpBCjp4YzTKgLccjZhTSDM9YuVaPwxo success
    Program TokenkegQfeZyiNwAJbNbGKPFXCWuBvf9Ss623VQ5DA invoke [3]
    Program TokenkegQfeZyiNwAJbNbGKPFXCWuBvf9Ss623VQ5DA consumed 112 of 367967 compute units
    Program TokenkegQfeZyiNwAJbNbGKPFXCWuBvf9Ss623VQ5DA success
    Program TokenzQdBNbLqP5VEhdkAS6EPFLC1PHnBqCXEpPxuEb invoke [3]
    Program log: Instruction: TransferChecked
    Program TokenzQdBNbLqP5VEhdkAS6EPFLC1PHnBqCXEpPxuEb consumed 3432 of 364984 compute units
    Program TokenzQdBNbLqP5VEhdkAS6EPFLC1PHnBqCXEpPxuEb success
    Program LBUZKhRxPF3XUpBCjp4YzTKgLccjZhTSDM9YuVaPwxo invoke [3]
    Program LBUZKhRxPF3XUpBCjp4YzTKgLccjZhTSDM9YuVaPwxo consumed 772 of 358841 compute units
    Program LBUZKhRxPF3XUpBCjp4YzTKgLccjZhTSDM9YuVaPwxo success
    ...
    Program TokenzQdBNbLqP5VEhdkAS6EPFLC1PHnBqCXEpPxuEb consumed 1305 of 282648 compute units
    Program TokenzQdBNbLqP5VEhdkAS6EPFLC1PHnBqCXEpPxuEb failed: incorrect program id for instruction
    Program LBUZKhRxPF3XUpBCjp4YzTKgLccjZhTSDM9YuVaPwxo consumed 30193 of 311536 compute units
    Program LBUZKhRxPF3XUpBCjp4YzTKgLccjZhTSDM9YuVaPwxo failed: incorrect program id for instruction
    Program CnddPhKV1fnKE7ic5nSJcoVq2XFmQ9daE3tuqc2u6qTt consumed 118357 of 399700 compute units
    Program CnddPhKV1fnKE7ic5nSJcoVq2XFmQ9daE3tuqc2u6qTt failed: incorrect program id for instruction
RECOVER  dlmm-dlmm-dlmm id=591 custom6=False cu=118657 raw=1230 alt=False err={'InstructionError': [2, 'IncorrectProgramId']}
rpc 429 getMultipleAccounts backoff 2s
  simulate err={'InstructionError': [2, 'IncorrectProgramId']} cu=116726 logs=53
    Program ComputeBudget111111111111111111111111111111 invoke [1]
    Program ComputeBudget111111111111111111111111111111 success
    Program ComputeBudget111111111111111111111111111111 invoke [1]
    Program ComputeBudget111111111111111111111111111111 success
    Program CnddPhKV1fnKE7ic5nSJcoVq2XFmQ9daE3tuqc2u6qTt invoke [1]
    Program LBUZKhRxPF3XUpBCjp4YzTKgLccjZhTSDM9YuVaPwxo invoke [2]
    Program log: Instruction: Swap2
    Program LBUZKhRxPF3XUpBCjp4YzTKgLccjZhTSDM9YuVaPwxo invoke [3]
    Program LBUZKhRxPF3XUpBCjp4YzTKgLccjZhTSDM9YuVaPwxo consumed 772 of 370781 compute units
    Program LBUZKhRxPF3XUpBCjp4YzTKgLccjZhTSDM9YuVaPwxo success
    Program TokenkegQfeZyiNwAJbNbGKPFXCWuBvf9Ss623VQ5DA invoke [3]
    Program TokenkegQfeZyiNwAJbNbGKPFXCWuBvf9Ss623VQ5DA consumed 112 of 367967 compute units
    Program TokenkegQfeZyiNwAJbNbGKPFXCWuBvf9Ss623VQ5DA success
    Program TokenzQdBNbLqP5VEhdkAS6EPFLC1PHnBqCXEpPxuEb invoke [3]
    Program log: Instruction: TransferChecked
    Program TokenzQdBNbLqP5VEhdkAS6EPFLC1PHnBqCXEpPxuEb consumed 3432 of 364984 compute units
    Program TokenzQdBNbLqP5VEhdkAS6EPFLC1PHnBqCXEpPxuEb success
    Program LBUZKhRxPF3XUpBCjp4YzTKgLccjZhTSDM9YuVaPwxo invoke [3]
    Program LBUZKhRxPF3XUpBCjp4YzTKgLccjZhTSDM9YuVaPwxo consumed 772 of 358841 compute units
    Program LBUZKhRxPF3XUpBCjp4YzTKgLccjZhTSDM9YuVaPwxo success
    ...
    Program TokenzQdBNbLqP5VEhdkAS6EPFLC1PHnBqCXEpPxuEb consumed 1305 of 284579 compute units
    Program TokenzQdBNbLqP5VEhdkAS6EPFLC1PHnBqCXEpPxuEb failed: incorrect program id for instruction
    Program LBUZKhRxPF3XUpBCjp4YzTKgLccjZhTSDM9YuVaPwxo consumed 28273 of 311547 compute units
    Program LBUZKhRxPF3XUpBCjp4YzTKgLccjZhTSDM9YuVaPwxo failed: incorrect program id for instruction
    Program CnddPhKV1fnKE7ic5nSJcoVq2XFmQ9daE3tuqc2u6qTt consumed 116426 of 399700 compute units
    Program CnddPhKV1fnKE7ic5nSJcoVq2XFmQ9daE3tuqc2u6qTt failed: incorrect program id for instruction
RECOVER  dlmm-dlmm-dlmm id=592 custom6=False cu=116726 raw=1230 alt=False err={'InstructionError': [2, 'IncorrectProgramId']}
  simulate err={'InstructionError': [2, 'IncorrectProgramId']} cu=118785 logs=56
    Program ComputeBudget111111111111111111111111111111 invoke [1]
    Program ComputeBudget111111111111111111111111111111 success
    Program ComputeBudget111111111111111111111111111111 invoke [1]
    Program ComputeBudget111111111111111111111111111111 success
    Program CnddPhKV1fnKE7ic5nSJcoVq2XFmQ9daE3tuqc2u6qTt invoke [1]
    Program LBUZKhRxPF3XUpBCjp4YzTKgLccjZhTSDM9YuVaPwxo invoke [2]
    Program log: Instruction: Swap2
    Program LBUZKhRxPF3XUpBCjp4YzTKgLccjZhTSDM9YuVaPwxo invoke [3]
    Program LBUZKhRxPF3XUpBCjp4YzTKgLccjZhTSDM9YuVaPwxo consumed 772 of 370781 compute units
    Program LBUZKhRxPF3XUpBCjp4YzTKgLccjZhTSDM9YuVaPwxo success
    Program TokenkegQfeZyiNwAJbNbGKPFXCWuBvf9Ss623VQ5DA invoke [3]
    Program TokenkegQfeZyiNwAJbNbGKPFXCWuBvf9Ss623VQ5DA consumed 112 of 367967 compute units
    Program TokenkegQfeZyiNwAJbNbGKPFXCWuBvf9Ss623VQ5DA success
    Program TokenzQdBNbLqP5VEhdkAS6EPFLC1PHnBqCXEpPxuEb invoke [3]
    Program log: Instruction: TransferChecked
    Program TokenzQdBNbLqP5VEhdkAS6EPFLC1PHnBqCXEpPxuEb consumed 3432 of 364984 compute units
    Program TokenzQdBNbLqP5VEhdkAS6EPFLC1PHnBqCXEpPxuEb success
    Program LBUZKhRxPF3XUpBCjp4YzTKgLccjZhTSDM9YuVaPwxo invoke [3]
    Program LBUZKhRxPF3XUpBCjp4YzTKgLccjZhTSDM9YuVaPwxo consumed 772 of 358841 compute units
    Program LBUZKhRxPF3XUpBCjp4YzTKgLccjZhTSDM9YuVaPwxo success
    ...
    Program TokenzQdBNbLqP5VEhdkAS6EPFLC1PHnBqCXEpPxuEb consumed 1305 of 282520 compute units
    Program TokenzQdBNbLqP5VEhdkAS6EPFLC1PHnBqCXEpPxuEb failed: incorrect program id for instruction
    Program LBUZKhRxPF3XUpBCjp4YzTKgLccjZhTSDM9YuVaPwxo consumed 30332 of 311547 compute units
    Program LBUZKhRxPF3XUpBCjp4YzTKgLccjZhTSDM9YuVaPwxo failed: incorrect program id for instruction
    Program CnddPhKV1fnKE7ic5nSJcoVq2XFmQ9daE3tuqc2u6qTt consumed 118485 of 399700 compute units
    Program CnddPhKV1fnKE7ic5nSJcoVq2XFmQ9daE3tuqc2u6qTt failed: incorrect program id for instruction
RECOVER  dlmm-dlmm-dlmm id=593 custom6=False cu=118785 raw=1230 alt=False err={'InstructionError': [2, 'IncorrectProgramId']}
  simulate err={'InstructionError': [2, 'IncorrectProgramId']} cu=117367 logs=53
    Program ComputeBudget111111111111111111111111111111 invoke [1]
    Program ComputeBudget111111111111111111111111111111 success
    Program ComputeBudget111111111111111111111111111111 invoke [1]
    Program ComputeBudget111111111111111111111111111111 success
    Program CnddPhKV1fnKE7ic5nSJcoVq2XFmQ9daE3tuqc2u6qTt invoke [1]
    Program LBUZKhRxPF3XUpBCjp4YzTKgLccjZhTSDM9YuVaPwxo invoke [2]
    Program log: Instruction: Swap2
    Program LBUZKhRxPF3XUpBCjp4YzTKgLccjZhTSDM9YuVaPwxo invoke [3]
    Program LBUZKhRxPF3XUpBCjp4YzTKgLccjZhTSDM9YuVaPwxo consumed 772 of 370781 compute units
    Program LBUZKhRxPF3XUpBCjp4YzTKgLccjZhTSDM9YuVaPwxo success
    Program TokenkegQfeZyiNwAJbNbGKPFXCWuBvf9Ss623VQ5DA invoke [3]
    Program TokenkegQfeZyiNwAJbNbGKPFXCWuBvf9Ss623VQ5DA consumed 112 of 367967 compute units
    Program TokenkegQfeZyiNwAJbNbGKPFXCWuBvf9Ss623VQ5DA success
    Program TokenzQdBNbLqP5VEhdkAS6EPFLC1PHnBqCXEpPxuEb invoke [3]
    Program log: Instruction: TransferChecked
    Program TokenzQdBNbLqP5VEhdkAS6EPFLC1PHnBqCXEpPxuEb consumed 3432 of 364984 compute units
    Program TokenzQdBNbLqP5VEhdkAS6EPFLC1PHnBqCXEpPxuEb success
    Program LBUZKhRxPF3XUpBCjp4YzTKgLccjZhTSDM9YuVaPwxo invoke [3]
    Program LBUZKhRxPF3XUpBCjp4YzTKgLccjZhTSDM9YuVaPwxo consumed 772 of 358841 compute units
    Program LBUZKhRxPF3XUpBCjp4YzTKgLccjZhTSDM9YuVaPwxo success
    ...
    Program TokenzQdBNbLqP5VEhdkAS6EPFLC1PHnBqCXEpPxuEb consumed 1305 of 283938 compute units
    Program TokenzQdBNbLqP5VEhdkAS6EPFLC1PHnBqCXEpPxuEb failed: incorrect program id for instruction
    Program LBUZKhRxPF3XUpBCjp4YzTKgLccjZhTSDM9YuVaPwxo consumed 28918 of 311551 compute units
    Program LBUZKhRxPF3XUpBCjp4YzTKgLccjZhTSDM9YuVaPwxo failed: incorrect program id for instruction
    Program CnddPhKV1fnKE7ic5nSJcoVq2XFmQ9daE3tuqc2u6qTt consumed 117067 of 399700 compute units
    Program CnddPhKV1fnKE7ic5nSJcoVq2XFmQ9daE3tuqc2u6qTt failed: incorrect program id for instruction
RECOVER  dlmm-dlmm-dlmm id=594 custom6=False cu=117367 raw=1230 alt=False err={'InstructionError': [2, 'IncorrectProgramId']}
  simulate err={'InstructionError': [2, 'IncorrectProgramId']} cu=34757 logs=22
    Program ComputeBudget111111111111111111111111111111 invoke [1]
    Program ComputeBudget111111111111111111111111111111 success
    Program ComputeBudget111111111111111111111111111111 invoke [1]
    Program ComputeBudget111111111111111111111111111111 success
    Program CnddPhKV1fnKE7ic5nSJcoVq2XFmQ9daE3tuqc2u6qTt invoke [1]
    Program LBUZKhRxPF3XUpBCjp4YzTKgLccjZhTSDM9YuVaPwxo invoke [2]
    Program log: Instruction: Swap2
    Program LBUZKhRxPF3XUpBCjp4YzTKgLccjZhTSDM9YuVaPwxo invoke [3]
    Program LBUZKhRxPF3XUpBCjp4YzTKgLccjZhTSDM9YuVaPwxo consumed 772 of 371665 compute units
    Program LBUZKhRxPF3XUpBCjp4YzTKgLccjZhTSDM9YuVaPwxo success
    Program TokenkegQfeZyiNwAJbNbGKPFXCWuBvf9Ss623VQ5DA invoke [3]
    Program TokenkegQfeZyiNwAJbNbGKPFXCWuBvf9Ss623VQ5DA consumed 112 of 368851 compute units
    Program TokenkegQfeZyiNwAJbNbGKPFXCWuBvf9Ss623VQ5DA success
    Program TokenzQdBNbLqP5VEhdkAS6EPFLC1PHnBqCXEpPxuEb invoke [3]
    Program log: Instruction: TransferChecked
    Program log: Error: IncorrectProgramId
    Program TokenzQdBNbLqP5VEhdkAS6EPFLC1PHnBqCXEpPxuEb consumed 1305 of 366548 compute units
    Program TokenzQdBNbLqP5VEhdkAS6EPFLC1PHnBqCXEpPxuEb failed: incorrect program id for instruction
    Program LBUZKhRxPF3XUpBCjp4YzTKgLccjZhTSDM9YuVaPwxo consumed 30024 of 395267 compute units
    Program LBUZKhRxPF3XUpBCjp4YzTKgLccjZhTSDM9YuVaPwxo failed: incorrect program id for instruction
    ...
    Program TokenzQdBNbLqP5VEhdkAS6EPFLC1PHnBqCXEpPxuEb consumed 1305 of 366548 compute units
    Program TokenzQdBNbLqP5VEhdkAS6EPFLC1PHnBqCXEpPxuEb failed: incorrect program id for instruction
    Program LBUZKhRxPF3XUpBCjp4YzTKgLccjZhTSDM9YuVaPwxo consumed 30024 of 395267 compute units
    Program LBUZKhRxPF3XUpBCjp4YzTKgLccjZhTSDM9YuVaPwxo failed: incorrect program id for instruction
    Program CnddPhKV1fnKE7ic5nSJcoVq2XFmQ9daE3tuqc2u6qTt consumed 34457 of 399700 compute units
    Program CnddPhKV1fnKE7ic5nSJcoVq2XFmQ9daE3tuqc2u6qTt failed: incorrect program id for instruction
RECOVER  dlmm-dlmm-dlmm id=595 custom6=False cu=34757 raw=1230 alt=False err={'InstructionError': [2, 'IncorrectProgramId']}
  simulate err={'InstructionError': [2, 'IncorrectProgramId']} cu=34761 logs=22
    Program ComputeBudget111111111111111111111111111111 invoke [1]
    Program ComputeBudget111111111111111111111111111111 success
    Program ComputeBudget111111111111111111111111111111 invoke [1]
    Program ComputeBudget111111111111111111111111111111 success
    Program CnddPhKV1fnKE7ic5nSJcoVq2XFmQ9daE3tuqc2u6qTt invoke [1]
    Program LBUZKhRxPF3XUpBCjp4YzTKgLccjZhTSDM9YuVaPwxo invoke [2]
    Program log: Instruction: Swap2
    Program LBUZKhRxPF3XUpBCjp4YzTKgLccjZhTSDM9YuVaPwxo invoke [3]
    Program LBUZKhRxPF3XUpBCjp4YzTKgLccjZhTSDM9YuVaPwxo consumed 772 of 371661 compute units
    Program LBUZKhRxPF3XUpBCjp4YzTKgLccjZhTSDM9YuVaPwxo success
    Program TokenkegQfeZyiNwAJbNbGKPFXCWuBvf9Ss623VQ5DA invoke [3]
    Program TokenkegQfeZyiNwAJbNbGKPFXCWuBvf9Ss623VQ5DA consumed 112 of 368847 compute units
    Program TokenkegQfeZyiNwAJbNbGKPFXCWuBvf9Ss623VQ5DA success
    Program TokenzQdBNbLqP5VEhdkAS6EPFLC1PHnBqCXEpPxuEb invoke [3]
    Program log: Instruction: TransferChecked
    Program log: Error: IncorrectProgramId
    Program TokenzQdBNbLqP5VEhdkAS6EPFLC1PHnBqCXEpPxuEb consumed 1305 of 366544 compute units
    Program TokenzQdBNbLqP5VEhdkAS6EPFLC1PHnBqCXEpPxuEb failed: incorrect program id for instruction
    Program LBUZKhRxPF3XUpBCjp4YzTKgLccjZhTSDM9YuVaPwxo consumed 30028 of 395267 compute units
    Program LBUZKhRxPF3XUpBCjp4YzTKgLccjZhTSDM9YuVaPwxo failed: incorrect program id for instruction
    ...
    Program TokenzQdBNbLqP5VEhdkAS6EPFLC1PHnBqCXEpPxuEb consumed 1305 of 366544 compute units
    Program TokenzQdBNbLqP5VEhdkAS6EPFLC1PHnBqCXEpPxuEb failed: incorrect program id for instruction
    Program LBUZKhRxPF3XUpBCjp4YzTKgLccjZhTSDM9YuVaPwxo consumed 30028 of 395267 compute units
    Program LBUZKhRxPF3XUpBCjp4YzTKgLccjZhTSDM9YuVaPwxo failed: incorrect program id for instruction
    Program CnddPhKV1fnKE7ic5nSJcoVq2XFmQ9daE3tuqc2u6qTt consumed 34461 of 399700 compute units
    Program CnddPhKV1fnKE7ic5nSJcoVq2XFmQ9daE3tuqc2u6qTt failed: incorrect program id for instruction
RECOVER  dlmm-dlmm-dlmm id=596 custom6=False cu=34761 raw=1230 alt=False err={'InstructionError': [2, 'IncorrectProgramId']}
  simulate err={'InstructionError': [2, 'IncorrectProgramId']} cu=34762 logs=22
    Program ComputeBudget111111111111111111111111111111 invoke [1]
    Program ComputeBudget111111111111111111111111111111 success
    Program ComputeBudget111111111111111111111111111111 invoke [1]
    Program ComputeBudget111111111111111111111111111111 success
    Program CnddPhKV1fnKE7ic5nSJcoVq2XFmQ9daE3tuqc2u6qTt invoke [1]
    Program LBUZKhRxPF3XUpBCjp4YzTKgLccjZhTSDM9YuVaPwxo invoke [2]
    Program log: Instruction: Swap2
    Program LBUZKhRxPF3XUpBCjp4YzTKgLccjZhTSDM9YuVaPwxo invoke [3]
    Program LBUZKhRxPF3XUpBCjp4YzTKgLccjZhTSDM9YuVaPwxo consumed 772 of 371660 compute units
    Program LBUZKhRxPF3XUpBCjp4YzTKgLccjZhTSDM9YuVaPwxo success
    Program TokenkegQfeZyiNwAJbNbGKPFXCWuBvf9Ss623VQ5DA invoke [3]
    Program TokenkegQfeZyiNwAJbNbGKPFXCWuBvf9Ss623VQ5DA consumed 112 of 368846 compute units
    Program TokenkegQfeZyiNwAJbNbGKPFXCWuBvf9Ss623VQ5DA success
    Program TokenzQdBNbLqP5VEhdkAS6EPFLC1PHnBqCXEpPxuEb invoke [3]
    Program log: Instruction: TransferChecked
    Program log: Error: IncorrectProgramId
    Program TokenzQdBNbLqP5VEhdkAS6EPFLC1PHnBqCXEpPxuEb consumed 1305 of 366543 compute units
    Program TokenzQdBNbLqP5VEhdkAS6EPFLC1PHnBqCXEpPxuEb failed: incorrect program id for instruction
    Program LBUZKhRxPF3XUpBCjp4YzTKgLccjZhTSDM9YuVaPwxo consumed 30029 of 395267 compute units
    Program LBUZKhRxPF3XUpBCjp4YzTKgLccjZhTSDM9YuVaPwxo failed: incorrect program id for instruction
    ...
    Program TokenzQdBNbLqP5VEhdkAS6EPFLC1PHnBqCXEpPxuEb consumed 1305 of 366543 compute units
    Program TokenzQdBNbLqP5VEhdkAS6EPFLC1PHnBqCXEpPxuEb failed: incorrect program id for instruction
    Program LBUZKhRxPF3XUpBCjp4YzTKgLccjZhTSDM9YuVaPwxo consumed 30029 of 395267 compute units
    Program LBUZKhRxPF3XUpBCjp4YzTKgLccjZhTSDM9YuVaPwxo failed: incorrect program id for instruction
    Program CnddPhKV1fnKE7ic5nSJcoVq2XFmQ9daE3tuqc2u6qTt consumed 34462 of 399700 compute units
    Program CnddPhKV1fnKE7ic5nSJcoVq2XFmQ9daE3tuqc2u6qTt failed: incorrect program id for instruction
RECOVER  dlmm-dlmm-dlmm id=597 custom6=False cu=34762 raw=1230 alt=False err={'InstructionError': [2, 'IncorrectProgramId']}
rpc 429 getMultipleAccounts backoff 2s
