UNIV-JSON  n=645 dlmm=242 pump=403 mints_from_bin=1 missing=0
UNIV-JSON  wrote /home/louis/captures/paper_orbit/liveuniv.json
  wsol 50000000
  simulate err={'InstructionError': [2, {'Custom': 6}]} cu=81799 logs=41
    Program ComputeBudget111111111111111111111111111111 invoke [1]
    Program ComputeBudget111111111111111111111111111111 success
    Program ComputeBudget111111111111111111111111111111 invoke [1]
    Program ComputeBudget111111111111111111111111111111 success
    Program CnddPhKV1fnKE7ic5nSJcoVq2XFmQ9daE3tuqc2u6qTt invoke [1]
    Program LBUZKhRxPF3XUpBCjp4YzTKgLccjZhTSDM9YuVaPwxo invoke [2]
    Program log: Instruction: Swap2
    Program LBUZKhRxPF3XUpBCjp4YzTKgLccjZhTSDM9YuVaPwxo invoke [3]
    Program LBUZKhRxPF3XUpBCjp4YzTKgLccjZhTSDM9YuVaPwxo consumed 772 of 371345 compute units
    Program LBUZKhRxPF3XUpBCjp4YzTKgLccjZhTSDM9YuVaPwxo success
    Program TokenkegQfeZyiNwAJbNbGKPFXCWuBvf9Ss623VQ5DA invoke [3]
    Program TokenkegQfeZyiNwAJbNbGKPFXCWuBvf9Ss623VQ5DA consumed 112 of 368531 compute units
    Program TokenkegQfeZyiNwAJbNbGKPFXCWuBvf9Ss623VQ5DA success
    Program TokenzQdBNbLqP5VEhdkAS6EPFLC1PHnBqCXEpPxuEb invoke [3]
    Program log: Instruction: TransferChecked
    Program TokenzQdBNbLqP5VEhdkAS6EPFLC1PHnBqCXEpPxuEb consumed 2442 of 365658 compute units
    Program TokenzQdBNbLqP5VEhdkAS6EPFLC1PHnBqCXEpPxuEb success
    Program LBUZKhRxPF3XUpBCjp4YzTKgLccjZhTSDM9YuVaPwxo invoke [3]
    Program LBUZKhRxPF3XUpBCjp4YzTKgLccjZhTSDM9YuVaPwxo consumed 772 of 360505 compute units
    Program LBUZKhRxPF3XUpBCjp4YzTKgLccjZhTSDM9YuVaPwxo success
    ...
    Program LBUZKhRxPF3XUpBCjp4YzTKgLccjZhTSDM9YuVaPwxo consumed 772 of 320204 compute units
    Program LBUZKhRxPF3XUpBCjp4YzTKgLccjZhTSDM9YuVaPwxo success
    Program LBUZKhRxPF3XUpBCjp4YzTKgLccjZhTSDM9YuVaPwxo consumed 36550 of 354932 compute units
    Program LBUZKhRxPF3XUpBCjp4YzTKgLccjZhTSDM9YuVaPwxo success
    Program CnddPhKV1fnKE7ic5nSJcoVq2XFmQ9daE3tuqc2u6qTt consumed 81499 of 399700 compute units
    Program CnddPhKV1fnKE7ic5nSJcoVq2XFmQ9daE3tuqc2u6qTt failed: custom program error: 0x6
GOLDEN  frozen dd id=0 (keep)
GOLDEN  frozen dd id=0 (keep)
RECOVER  dlmm-dlmm id=0 custom6=True cu=81799 raw=964 alt=False err={'InstructionError': [2, {'Custom': 6}]}
RECOVER  dumped VECTOR.json id=1 n_acc=43 fails=0
  simulate err={'InstructionError': [2, {'Custom': 6}]} cu=131571 logs=53
    Program ComputeBudget111111111111111111111111111111 invoke [1]
    Program ComputeBudget111111111111111111111111111111 success
    Program ComputeBudget111111111111111111111111111111 invoke [1]
    Program ComputeBudget111111111111111111111111111111 success
    Program CnddPhKV1fnKE7ic5nSJcoVq2XFmQ9daE3tuqc2u6qTt invoke [1]
    Program LBUZKhRxPF3XUpBCjp4YzTKgLccjZhTSDM9YuVaPwxo invoke [2]
    Program log: Instruction: Swap2
    Program LBUZKhRxPF3XUpBCjp4YzTKgLccjZhTSDM9YuVaPwxo invoke [3]
    Program LBUZKhRxPF3XUpBCjp4YzTKgLccjZhTSDM9YuVaPwxo consumed 772 of 371148 compute units
    Program LBUZKhRxPF3XUpBCjp4YzTKgLccjZhTSDM9YuVaPwxo success
    Program TokenkegQfeZyiNwAJbNbGKPFXCWuBvf9Ss623VQ5DA invoke [3]
    Program TokenkegQfeZyiNwAJbNbGKPFXCWuBvf9Ss623VQ5DA consumed 112 of 368334 compute units
    Program TokenkegQfeZyiNwAJbNbGKPFXCWuBvf9Ss623VQ5DA success
    Program TokenzQdBNbLqP5VEhdkAS6EPFLC1PHnBqCXEpPxuEb invoke [3]
    Program log: Instruction: TransferChecked
    Program TokenzQdBNbLqP5VEhdkAS6EPFLC1PHnBqCXEpPxuEb consumed 2442 of 365461 compute units
    Program TokenzQdBNbLqP5VEhdkAS6EPFLC1PHnBqCXEpPxuEb success
    Program LBUZKhRxPF3XUpBCjp4YzTKgLccjZhTSDM9YuVaPwxo invoke [3]
    Program LBUZKhRxPF3XUpBCjp4YzTKgLccjZhTSDM9YuVaPwxo consumed 772 of 360308 compute units
    Program LBUZKhRxPF3XUpBCjp4YzTKgLccjZhTSDM9YuVaPwxo success
    ...
    Program pAMMBay6oceH9fJKBRHGP5D4bD4sWpmSwMn52FMfXEA consumed 2098 of 272416 compute units
    Program pAMMBay6oceH9fJKBRHGP5D4bD4sWpmSwMn52FMfXEA success
    Program pAMMBay6oceH9fJKBRHGP5D4bD4sWpmSwMn52FMfXEA consumed 84433 of 353043 compute units
    Program pAMMBay6oceH9fJKBRHGP5D4bD4sWpmSwMn52FMfXEA success
    Program CnddPhKV1fnKE7ic5nSJcoVq2XFmQ9daE3tuqc2u6qTt consumed 131271 of 399700 compute units
    Program CnddPhKV1fnKE7ic5nSJcoVq2XFmQ9daE3tuqc2u6qTt failed: custom program error: 0x6
GOLDEN  frozen dp id=1 (keep)
GOLDEN  frozen dp id=1 (keep)
RECOVER  dlmm-pump id=1 custom6=True cu=131571 raw=837 alt=True err={'InstructionError': [2, {'Custom': 6}]}
  simulate err={'InstructionError': [2, {'Custom': 6}]} cu=145436 logs=55
    Program ComputeBudget111111111111111111111111111111 invoke [1]
    Program ComputeBudget111111111111111111111111111111 success
    Program ComputeBudget111111111111111111111111111111 invoke [1]
    Program ComputeBudget111111111111111111111111111111 success
    Program CnddPhKV1fnKE7ic5nSJcoVq2XFmQ9daE3tuqc2u6qTt invoke [1]
    Program pAMMBay6oceH9fJKBRHGP5D4bD4sWpmSwMn52FMfXEA invoke [2]
    Program log: Instruction: BuyExactQuoteIn
    Program 11111111111111111111111111111111 invoke [3]
    Program 11111111111111111111111111111111 success
    Program pfeeUxB6jkeY1Hxd7CsFCAjcbHA9rWtchMGdZ6VojVZ invoke [3]
    Program log: Instruction: GetFeesWithQuoteMint
    Program pfeeUxB6jkeY1Hxd7CsFCAjcbHA9rWtchMGdZ6VojVZ consumed 6051 of 350610 compute units
    Program return: pfeeUxB6jkeY1Hxd7CsFCAjcbHA9rWtchMGdZ6VojVZ FAAAAAAAAAAFAAAAAAAAAEsAAAAAAAAA
    Program pfeeUxB6jkeY1Hxd7CsFCAjcbHA9rWtchMGdZ6VojVZ success
    Program TokenzQdBNbLqP5VEhdkAS6EPFLC1PHnBqCXEpPxuEb invoke [3]
    Program log: Instruction: TransferChecked
    Program TokenzQdBNbLqP5VEhdkAS6EPFLC1PHnBqCXEpPxuEb consumed 2562 of 339187 compute units
    Program TokenzQdBNbLqP5VEhdkAS6EPFLC1PHnBqCXEpPxuEb success
    Program TokenkegQfeZyiNwAJbNbGKPFXCWuBvf9Ss623VQ5DA invoke [3]
    Program TokenkegQfeZyiNwAJbNbGKPFXCWuBvf9Ss623VQ5DA consumed 112 of 334121 compute units
    ...
    Program LBUZKhRxPF3XUpBCjp4YzTKgLccjZhTSDM9YuVaPwxo consumed 772 of 256567 compute units
    Program LBUZKhRxPF3XUpBCjp4YzTKgLccjZhTSDM9YuVaPwxo success
    Program LBUZKhRxPF3XUpBCjp4YzTKgLccjZhTSDM9YuVaPwxo consumed 36565 of 291310 compute units
    Program LBUZKhRxPF3XUpBCjp4YzTKgLccjZhTSDM9YuVaPwxo success
    Program CnddPhKV1fnKE7ic5nSJcoVq2XFmQ9daE3tuqc2u6qTt consumed 145136 of 399700 compute units
    Program CnddPhKV1fnKE7ic5nSJcoVq2XFmQ9daE3tuqc2u6qTt failed: custom program error: 0x6
GOLDEN  frozen pd id=152 (keep)
GOLDEN  frozen pd id=152 (keep)
RECOVER  pump-dlmm id=152 custom6=True cu=145436 raw=841 alt=True err={'InstructionError': [2, {'Custom': 6}]}
RECOVER  proven 3/3 PASS
  simulate err={'InstructionError': [2, {'Custom': 2006}]} cu=64906 logs=35
    Program ComputeBudget111111111111111111111111111111 invoke [1]
    Program ComputeBudget111111111111111111111111111111 success
    Program ComputeBudget111111111111111111111111111111 invoke [1]
    Program ComputeBudget111111111111111111111111111111 success
    Program CnddPhKV1fnKE7ic5nSJcoVq2XFmQ9daE3tuqc2u6qTt invoke [1]
    Program pAMMBay6oceH9fJKBRHGP5D4bD4sWpmSwMn52FMfXEA invoke [2]
    Program log: Instruction: BuyExactQuoteIn
    Program ATokenGPvbdGVxr1b2hvZbsiqW5xWH25efTNsLJA8knL invoke [3]
    Program log: Create
    Program TokenkegQfeZyiNwAJbNbGKPFXCWuBvf9Ss623VQ5DA invoke [4]
    Program TokenkegQfeZyiNwAJbNbGKPFXCWuBvf9Ss623VQ5DA consumed 179 of 360774 compute units
    Program return: TokenkegQfeZyiNwAJbNbGKPFXCWuBvf9Ss623VQ5DA pQAAAAAAAAA=
    Program TokenkegQfeZyiNwAJbNbGKPFXCWuBvf9Ss623VQ5DA success
    Program 11111111111111111111111111111111 invoke [4]
    Program 11111111111111111111111111111111 success
    Program log: Initialize the associated token account
    Program TokenkegQfeZyiNwAJbNbGKPFXCWuBvf9Ss623VQ5DA invoke [4]
    Program TokenkegQfeZyiNwAJbNbGKPFXCWuBvf9Ss623VQ5DA consumed 37 of 355685 compute units
    Program TokenkegQfeZyiNwAJbNbGKPFXCWuBvf9Ss623VQ5DA success
    Program TokenkegQfeZyiNwAJbNbGKPFXCWuBvf9Ss623VQ5DA invoke [4]
    ...
    Program log: Right:
    Program log: 8N3GDaZ2iwN65oxVatKTLPNooAVUJTbfiVJ1ahyqwjSk
    Program pAMMBay6oceH9fJKBRHGP5D4bD4sWpmSwMn52FMfXEA consumed 57826 of 392920 compute units
    Program pAMMBay6oceH9fJKBRHGP5D4bD4sWpmSwMn52FMfXEA failed: custom program error: 0x7d6
    Program CnddPhKV1fnKE7ic5nSJcoVq2XFmQ9daE3tuqc2u6qTt consumed 64606 of 399700 compute units
    Program CnddPhKV1fnKE7ic5nSJcoVq2XFmQ9daE3tuqc2u6qTt failed: custom program error: 0x7d6
  VECTOR_FAIL route=173 hop=0 role=creator_vault seq=pump-pump reason=ANCHOR_2006 caused_by=coin_creator_vault_authority actual=B7EeGiXj7JoFqchaTpD2cvqbyZH5sVUYV8V4oXyxjsxq expected=8N3GDaZ2iwN65oxVatKTLPNooAVUJTbfiVJ1ahyqwjSk direction=buy pool=7K7U6AUvgJH52ShbNrBcZae1zoGbZz7yay1P89Es5woX mint=Dz9mQ9NzkBcCsuGPFJ3r1bS4wgqKMHBPiVuniW8Mbonk coin_creator=9UqBvwTW1WU3e5TTEtSqY7SBcRgN89qZeCiMH8ag1JR7 fee_recipient=5YxQFdt3Tr9zJLvkFccqXVUwhdTWJQc1fFg2YPbxvxeD creator_vault=B7EeGiXj7JoFqchaTpD2cvqbyZH5sVUYV8V4oXyxjsxq volume_accumulator=C2aFPdENg4A2HQsmrd5rTw5TaYBX5Ku887cWjbFKtZpw user_volume_accumulator=GWMcD1Hj5DY8eXK61TQUQBCKRutww1uJD8wAEMfHwhhc pool_v2=CjSE7e59Ba3oCYdivERJMP3BtyBtUCfJhubfpbU9LWU1 bump=254 seed_creator=9UqBvwTW1WU3e5TTEtSqY7SBcRgN89qZeCiMH8ag1JR7 seed_mint=Dz9mQ9NzkBcCsuGPFJ3r1bS4wgqKMHBPiVuniW8Mbonk
VECTOR_FAIL
seq=pump-pump
route=173
hop=0
role=creator_vault
reason=ANCHOR_2006
actual=B7EeGiXj7JoFqchaTpD2cvqbyZH5sVUYV8V4oXyxjsxq
expected=8N3GDaZ2iwN65oxVatKTLPNooAVUJTbfiVJ1ahyqwjSk
caused_by=coin_creator_vault_authority
seed_creator=9UqBvwTW1WU3e5TTEtSqY7SBcRgN89qZeCiMH8ag1JR7
seed_mint=Dz9mQ9NzkBcCsuGPFJ3r1bS4wgqKMHBPiVuniW8Mbonk
bump=254
pool=7K7U6AUvgJH52ShbNrBcZae1zoGbZz7yay1P89Es5woX
mint=Dz9mQ9NzkBcCsuGPFJ3r1bS4wgqKMHBPiVuniW8Mbonk
coin_creator=9UqBvwTW1WU3e5TTEtSqY7SBcRgN89qZeCiMH8ag1JR7
fee_recipient=5YxQFdt3Tr9zJLvkFccqXVUwhdTWJQc1fFg2YPbxvxeD
creator_vault=B7EeGiXj7JoFqchaTpD2cvqbyZH5sVUYV8V4oXyxjsxq
volume_accumulator=C2aFPdENg4A2HQsmrd5rTw5TaYBX5Ku887cWjbFKtZpw
user_volume_accumulator=GWMcD1Hj5DY8eXK61TQUQBCKRutww1uJD8wAEMfHwhhc
pool_v2=CjSE7e59Ba3oCYdivERJMP3BtyBtUCfJhubfpbU9LWU1
direction=buy
RECOVER  pump-pump id=173 custom6=False cu=64906 raw=978 alt=True err={'InstructionError': [2, {'Custom': 2006}]}
  simulate err={'InstructionError': [2, {'Custom': 2006}]} cu=45401 logs=18
    Program ComputeBudget111111111111111111111111111111 invoke [1]
    Program ComputeBudget111111111111111111111111111111 success
    Program ComputeBudget111111111111111111111111111111 invoke [1]
    Program ComputeBudget111111111111111111111111111111 success
    Program CnddPhKV1fnKE7ic5nSJcoVq2XFmQ9daE3tuqc2u6qTt invoke [1]
    Program pAMMBay6oceH9fJKBRHGP5D4bD4sWpmSwMn52FMfXEA invoke [2]
    Program log: Instruction: BuyExactQuoteIn
    Program 11111111111111111111111111111111 invoke [3]
    Program 11111111111111111111111111111111 success
    Program log: AnchorError caused by account: coin_creator_vault_authority. Error Code: ConstraintSeeds. Error Number: 2006. Error Message: A seeds constraint was violated.
    Program log: Left:
    Program log: 5QCrX9Uw5KzD2QTiCL8kMe5Fy8D4T6LYrKFkbHtwscqV
    Program log: Right:
    Program log: 8N3GDaZ2iwN65oxVatKTLPNooAVUJTbfiVJ1ahyqwjSk
    Program pAMMBay6oceH9fJKBRHGP5D4bD4sWpmSwMn52FMfXEA consumed 38321 of 392920 compute units
    Program pAMMBay6oceH9fJKBRHGP5D4bD4sWpmSwMn52FMfXEA failed: custom program error: 0x7d6
    Program CnddPhKV1fnKE7ic5nSJcoVq2XFmQ9daE3tuqc2u6qTt consumed 45101 of 399700 compute units
    Program CnddPhKV1fnKE7ic5nSJcoVq2XFmQ9daE3tuqc2u6qTt failed: custom program error: 0x7d6
  VECTOR_FAIL route=176 hop=0 role=creator_vault seq=pump-pump reason=ANCHOR_2006 caused_by=coin_creator_vault_authority actual=5QCrX9Uw5KzD2QTiCL8kMe5Fy8D4T6LYrKFkbHtwscqV expected=8N3GDaZ2iwN65oxVatKTLPNooAVUJTbfiVJ1ahyqwjSk direction=buy pool=Abaakv6c8ra8pSGiTmV4BYHmxfLsdjoMNz51UGdWLie4 mint=Dz9mQ9NzkBcCsuGPFJ3r1bS4wgqKMHBPiVuniW8Mbonk coin_creator=EGNGAFNip7BDMUdZ3sCr7fJnkvq3EkeWTYKAwzeML4MY fee_recipient=5YxQFdt3Tr9zJLvkFccqXVUwhdTWJQc1fFg2YPbxvxeD creator_vault=5QCrX9Uw5KzD2QTiCL8kMe5Fy8D4T6LYrKFkbHtwscqV volume_accumulator=C2aFPdENg4A2HQsmrd5rTw5TaYBX5Ku887cWjbFKtZpw user_volume_accumulator=GWMcD1Hj5DY8eXK61TQUQBCKRutww1uJD8wAEMfHwhhc pool_v2=CjSE7e59Ba3oCYdivERJMP3BtyBtUCfJhubfpbU9LWU1 bump=254 seed_creator=EGNGAFNip7BDMUdZ3sCr7fJnkvq3EkeWTYKAwzeML4MY seed_mint=Dz9mQ9NzkBcCsuGPFJ3r1bS4wgqKMHBPiVuniW8Mbonk
VECTOR_FAIL
seq=pump-pump
route=176
hop=0
role=creator_vault
reason=ANCHOR_2006
actual=5QCrX9Uw5KzD2QTiCL8kMe5Fy8D4T6LYrKFkbHtwscqV
expected=8N3GDaZ2iwN65oxVatKTLPNooAVUJTbfiVJ1ahyqwjSk
caused_by=coin_creator_vault_authority
seed_creator=EGNGAFNip7BDMUdZ3sCr7fJnkvq3EkeWTYKAwzeML4MY
seed_mint=Dz9mQ9NzkBcCsuGPFJ3r1bS4wgqKMHBPiVuniW8Mbonk
bump=254
pool=Abaakv6c8ra8pSGiTmV4BYHmxfLsdjoMNz51UGdWLie4
mint=Dz9mQ9NzkBcCsuGPFJ3r1bS4wgqKMHBPiVuniW8Mbonk
coin_creator=EGNGAFNip7BDMUdZ3sCr7fJnkvq3EkeWTYKAwzeML4MY
fee_recipient=5YxQFdt3Tr9zJLvkFccqXVUwhdTWJQc1fFg2YPbxvxeD
creator_vault=5QCrX9Uw5KzD2QTiCL8kMe5Fy8D4T6LYrKFkbHtwscqV
volume_accumulator=C2aFPdENg4A2HQsmrd5rTw5TaYBX5Ku887cWjbFKtZpw
user_volume_accumulator=GWMcD1Hj5DY8eXK61TQUQBCKRutww1uJD8wAEMfHwhhc
pool_v2=CjSE7e59Ba3oCYdivERJMP3BtyBtUCfJhubfpbU9LWU1
direction=buy
RECOVER  pump-pump id=176 custom6=False cu=45401 raw=978 alt=True err={'InstructionError': [2, {'Custom': 2006}]}
  simulate err={'InstructionError': [2, {'Custom': 2006}]} cu=42401 logs=18
    Program ComputeBudget111111111111111111111111111111 invoke [1]
    Program ComputeBudget111111111111111111111111111111 success
    Program ComputeBudget111111111111111111111111111111 invoke [1]
    Program ComputeBudget111111111111111111111111111111 success
    Program CnddPhKV1fnKE7ic5nSJcoVq2XFmQ9daE3tuqc2u6qTt invoke [1]
    Program pAMMBay6oceH9fJKBRHGP5D4bD4sWpmSwMn52FMfXEA invoke [2]
    Program log: Instruction: BuyExactQuoteIn
    Program 11111111111111111111111111111111 invoke [3]
    Program 11111111111111111111111111111111 success
    Program log: AnchorError caused by account: coin_creator_vault_authority. Error Code: ConstraintSeeds. Error Number: 2006. Error Message: A seeds constraint was violated.
    Program log: Left:
    Program log: 5MVCsKuPDpyr4iJuAhhv4t9eejCGzTB5NFFLvjN6YtfG
    Program log: Right:
    Program log: 8N3GDaZ2iwN65oxVatKTLPNooAVUJTbfiVJ1ahyqwjSk
    Program pAMMBay6oceH9fJKBRHGP5D4bD4sWpmSwMn52FMfXEA consumed 35321 of 392920 compute units
    Program pAMMBay6oceH9fJKBRHGP5D4bD4sWpmSwMn52FMfXEA failed: custom program error: 0x7d6
    Program CnddPhKV1fnKE7ic5nSJcoVq2XFmQ9daE3tuqc2u6qTt consumed 42101 of 399700 compute units
    Program CnddPhKV1fnKE7ic5nSJcoVq2XFmQ9daE3tuqc2u6qTt failed: custom program error: 0x7d6
  VECTOR_FAIL route=180 hop=0 role=creator_vault seq=pump-pump reason=ANCHOR_2006 caused_by=coin_creator_vault_authority actual=5MVCsKuPDpyr4iJuAhhv4t9eejCGzTB5NFFLvjN6YtfG expected=8N3GDaZ2iwN65oxVatKTLPNooAVUJTbfiVJ1ahyqwjSk direction=buy pool=43PW2g6CPCtKvdBCsCuDUuztNFGo4xb6qeRUeZP6tZnX mint=JUPyiwrYJFskUPiHa7hkeR8VUtAeFoSYbKedZNsDvCN coin_creator=9vfHbSJ9EDzhHxpSV9Trd1EWQ1SyB928RwPGFXwWxnT1 fee_recipient=5YxQFdt3Tr9zJLvkFccqXVUwhdTWJQc1fFg2YPbxvxeD creator_vault=5MVCsKuPDpyr4iJuAhhv4t9eejCGzTB5NFFLvjN6YtfG volume_accumulator=C2aFPdENg4A2HQsmrd5rTw5TaYBX5Ku887cWjbFKtZpw user_volume_accumulator=GWMcD1Hj5DY8eXK61TQUQBCKRutww1uJD8wAEMfHwhhc pool_v2=FQrztHAhCNXb8hBqiiXGpEYFTMFM3L76DyBmaThLmMvo bump=255 seed_creator=9vfHbSJ9EDzhHxpSV9Trd1EWQ1SyB928RwPGFXwWxnT1 seed_mint=JUPyiwrYJFskUPiHa7hkeR8VUtAeFoSYbKedZNsDvCN
VECTOR_FAIL
seq=pump-pump
route=180
hop=0
role=creator_vault
reason=ANCHOR_2006
actual=5MVCsKuPDpyr4iJuAhhv4t9eejCGzTB5NFFLvjN6YtfG
expected=8N3GDaZ2iwN65oxVatKTLPNooAVUJTbfiVJ1ahyqwjSk
caused_by=coin_creator_vault_authority
seed_creator=9vfHbSJ9EDzhHxpSV9Trd1EWQ1SyB928RwPGFXwWxnT1
seed_mint=JUPyiwrYJFskUPiHa7hkeR8VUtAeFoSYbKedZNsDvCN
bump=255
pool=43PW2g6CPCtKvdBCsCuDUuztNFGo4xb6qeRUeZP6tZnX
mint=JUPyiwrYJFskUPiHa7hkeR8VUtAeFoSYbKedZNsDvCN
coin_creator=9vfHbSJ9EDzhHxpSV9Trd1EWQ1SyB928RwPGFXwWxnT1
fee_recipient=5YxQFdt3Tr9zJLvkFccqXVUwhdTWJQc1fFg2YPbxvxeD
creator_vault=5MVCsKuPDpyr4iJuAhhv4t9eejCGzTB5NFFLvjN6YtfG
volume_accumulator=C2aFPdENg4A2HQsmrd5rTw5TaYBX5Ku887cWjbFKtZpw
user_volume_accumulator=GWMcD1Hj5DY8eXK61TQUQBCKRutww1uJD8wAEMfHwhhc
pool_v2=FQrztHAhCNXb8hBqiiXGpEYFTMFM3L76DyBmaThLmMvo
direction=buy
RECOVER  pump-pump id=180 custom6=False cu=42401 raw=1040 alt=True err={'InstructionError': [2, {'Custom': 2006}]}
  simulate err={'InstructionError': [2, {'Custom': 2006}]} cu=69406 logs=35
    Program ComputeBudget111111111111111111111111111111 invoke [1]
    Program ComputeBudget111111111111111111111111111111 success
    Program ComputeBudget111111111111111111111111111111 invoke [1]
    Program ComputeBudget111111111111111111111111111111 success
    Program CnddPhKV1fnKE7ic5nSJcoVq2XFmQ9daE3tuqc2u6qTt invoke [1]
    Program pAMMBay6oceH9fJKBRHGP5D4bD4sWpmSwMn52FMfXEA invoke [2]
    Program log: Instruction: BuyExactQuoteIn
    Program ATokenGPvbdGVxr1b2hvZbsiqW5xWH25efTNsLJA8knL invoke [3]
    Program log: Create
    Program TokenkegQfeZyiNwAJbNbGKPFXCWuBvf9Ss623VQ5DA invoke [4]
    Program TokenkegQfeZyiNwAJbNbGKPFXCWuBvf9Ss623VQ5DA consumed 179 of 357774 compute units
    Program return: TokenkegQfeZyiNwAJbNbGKPFXCWuBvf9Ss623VQ5DA pQAAAAAAAAA=
    Program TokenkegQfeZyiNwAJbNbGKPFXCWuBvf9Ss623VQ5DA success
    Program 11111111111111111111111111111111 invoke [4]
    Program 11111111111111111111111111111111 success
    Program log: Initialize the associated token account
    Program TokenkegQfeZyiNwAJbNbGKPFXCWuBvf9Ss623VQ5DA invoke [4]
    Program TokenkegQfeZyiNwAJbNbGKPFXCWuBvf9Ss623VQ5DA consumed 37 of 352685 compute units
    Program TokenkegQfeZyiNwAJbNbGKPFXCWuBvf9Ss623VQ5DA success
    Program TokenkegQfeZyiNwAJbNbGKPFXCWuBvf9Ss623VQ5DA invoke [4]
    ...
    Program log: Right:
    Program log: 8N3GDaZ2iwN65oxVatKTLPNooAVUJTbfiVJ1ahyqwjSk
    Program pAMMBay6oceH9fJKBRHGP5D4bD4sWpmSwMn52FMfXEA consumed 62326 of 392920 compute units
    Program pAMMBay6oceH9fJKBRHGP5D4bD4sWpmSwMn52FMfXEA failed: custom program error: 0x7d6
    Program CnddPhKV1fnKE7ic5nSJcoVq2XFmQ9daE3tuqc2u6qTt consumed 69106 of 399700 compute units
    Program CnddPhKV1fnKE7ic5nSJcoVq2XFmQ9daE3tuqc2u6qTt failed: custom program error: 0x7d6
  VECTOR_FAIL route=186 hop=0 role=creator_vault seq=pump-pump reason=ANCHOR_2006 caused_by=coin_creator_vault_authority actual=EwVvUT1EmeDGhefDSmfKmiD9y6taXvgGMz7dmqThNtM1 expected=8N3GDaZ2iwN65oxVatKTLPNooAVUJTbfiVJ1ahyqwjSk direction=buy pool=5GVBaRJy2r5T3ccY3D4jLBJm12wHrxDCNyUfe62FipyS mint=JUPyiwrYJFskUPiHa7hkeR8VUtAeFoSYbKedZNsDvCN coin_creator=tmUCbWDUfE9id4mUjxjLAwtE2vEAQEuTwA8W4kqWQp2 fee_recipient=5YxQFdt3Tr9zJLvkFccqXVUwhdTWJQc1fFg2YPbxvxeD creator_vault=EwVvUT1EmeDGhefDSmfKmiD9y6taXvgGMz7dmqThNtM1 volume_accumulator=C2aFPdENg4A2HQsmrd5rTw5TaYBX5Ku887cWjbFKtZpw user_volume_accumulator=GWMcD1Hj5DY8eXK61TQUQBCKRutww1uJD8wAEMfHwhhc pool_v2=FQrztHAhCNXb8hBqiiXGpEYFTMFM3L76DyBmaThLmMvo bump=254 seed_creator=tmUCbWDUfE9id4mUjxjLAwtE2vEAQEuTwA8W4kqWQp2 seed_mint=JUPyiwrYJFskUPiHa7hkeR8VUtAeFoSYbKedZNsDvCN
VECTOR_FAIL
seq=pump-pump
route=186
hop=0
role=creator_vault
reason=ANCHOR_2006
actual=EwVvUT1EmeDGhefDSmfKmiD9y6taXvgGMz7dmqThNtM1
expected=8N3GDaZ2iwN65oxVatKTLPNooAVUJTbfiVJ1ahyqwjSk
caused_by=coin_creator_vault_authority
seed_creator=tmUCbWDUfE9id4mUjxjLAwtE2vEAQEuTwA8W4kqWQp2
seed_mint=JUPyiwrYJFskUPiHa7hkeR8VUtAeFoSYbKedZNsDvCN
bump=254
pool=5GVBaRJy2r5T3ccY3D4jLBJm12wHrxDCNyUfe62FipyS
mint=JUPyiwrYJFskUPiHa7hkeR8VUtAeFoSYbKedZNsDvCN
coin_creator=tmUCbWDUfE9id4mUjxjLAwtE2vEAQEuTwA8W4kqWQp2
fee_recipient=5YxQFdt3Tr9zJLvkFccqXVUwhdTWJQc1fFg2YPbxvxeD
creator_vault=EwVvUT1EmeDGhefDSmfKmiD9y6taXvgGMz7dmqThNtM1
volume_accumulator=C2aFPdENg4A2HQsmrd5rTw5TaYBX5Ku887cWjbFKtZpw
user_volume_accumulator=GWMcD1Hj5DY8eXK61TQUQBCKRutww1uJD8wAEMfHwhhc
pool_v2=FQrztHAhCNXb8hBqiiXGpEYFTMFM3L76DyBmaThLmMvo
direction=buy
RECOVER  pump-pump id=186 custom6=False cu=69406 raw=1040 alt=True err={'InstructionError': [2, {'Custom': 2006}]}
  simulate err={'InstructionError': [2, {'Custom': 2006}]} cu=65284 logs=35
    Program ComputeBudget111111111111111111111111111111 invoke [1]
    Program ComputeBudget111111111111111111111111111111 success
    Program ComputeBudget111111111111111111111111111111 invoke [1]
    Program ComputeBudget111111111111111111111111111111 success
    Program CnddPhKV1fnKE7ic5nSJcoVq2XFmQ9daE3tuqc2u6qTt invoke [1]
    Program pAMMBay6oceH9fJKBRHGP5D4bD4sWpmSwMn52FMfXEA invoke [2]
    Program log: Instruction: BuyExactQuoteIn
    Program ATokenGPvbdGVxr1b2hvZbsiqW5xWH25efTNsLJA8knL invoke [3]
    Program log: Create
    Program TokenkegQfeZyiNwAJbNbGKPFXCWuBvf9Ss623VQ5DA invoke [4]
    Program TokenkegQfeZyiNwAJbNbGKPFXCWuBvf9Ss623VQ5DA consumed 179 of 360403 compute units
    Program return: TokenkegQfeZyiNwAJbNbGKPFXCWuBvf9Ss623VQ5DA pQAAAAAAAAA=
    Program TokenkegQfeZyiNwAJbNbGKPFXCWuBvf9Ss623VQ5DA success
    Program 11111111111111111111111111111111 invoke [4]
    Program 11111111111111111111111111111111 success
    Program log: Initialize the associated token account
    Program TokenkegQfeZyiNwAJbNbGKPFXCWuBvf9Ss623VQ5DA invoke [4]
    Program TokenkegQfeZyiNwAJbNbGKPFXCWuBvf9Ss623VQ5DA consumed 37 of 355314 compute units
    Program TokenkegQfeZyiNwAJbNbGKPFXCWuBvf9Ss623VQ5DA success
    Program TokenkegQfeZyiNwAJbNbGKPFXCWuBvf9Ss623VQ5DA invoke [4]
    ...
    Program log: Right:
    Program log: 8N3GDaZ2iwN65oxVatKTLPNooAVUJTbfiVJ1ahyqwjSk
    Program pAMMBay6oceH9fJKBRHGP5D4bD4sWpmSwMn52FMfXEA consumed 58203 of 392919 compute units
    Program pAMMBay6oceH9fJKBRHGP5D4bD4sWpmSwMn52FMfXEA failed: custom program error: 0x7d6
    Program CnddPhKV1fnKE7ic5nSJcoVq2XFmQ9daE3tuqc2u6qTt consumed 64984 of 399700 compute units
    Program CnddPhKV1fnKE7ic5nSJcoVq2XFmQ9daE3tuqc2u6qTt failed: custom program error: 0x7d6
  VECTOR_FAIL route=192 hop=0 role=creator_vault seq=pump-pump reason=ANCHOR_2006 caused_by=coin_creator_vault_authority actual=5o6pEypJMcvJRuwupR2ZNcL2R1XeLb517PtE6JoPFkhP expected=8N3GDaZ2iwN65oxVatKTLPNooAVUJTbfiVJ1ahyqwjSk direction=buy pool=VJf32Y1CFnaeHhaPnEEspP7T9AyYTYadx1WBbxkx4KQ mint=pumpCmXqMfrsAkQ5r49WcJnRayYRqmXz6ae8H7H9Dfn coin_creator=CHgs5E2S7hZy7uRhTcsDdhFqoEzDzPhRS7CuBFZBBWjc fee_recipient=5YxQFdt3Tr9zJLvkFccqXVUwhdTWJQc1fFg2YPbxvxeD creator_vault=5o6pEypJMcvJRuwupR2ZNcL2R1XeLb517PtE6JoPFkhP volume_accumulator=C2aFPdENg4A2HQsmrd5rTw5TaYBX5Ku887cWjbFKtZpw user_volume_accumulator=GWMcD1Hj5DY8eXK61TQUQBCKRutww1uJD8wAEMfHwhhc pool_v2=D4GXDzLeUnttrukFd6rX4zjHmxwRSadeomcbxqWNtSJc bump=255 seed_creator=CHgs5E2S7hZy7uRhTcsDdhFqoEzDzPhRS7CuBFZBBWjc seed_mint=pumpCmXqMfrsAkQ5r49WcJnRayYRqmXz6ae8H7H9Dfn
VECTOR_FAIL
seq=pump-pump
route=192
hop=0
role=creator_vault
reason=ANCHOR_2006
actual=5o6pEypJMcvJRuwupR2ZNcL2R1XeLb517PtE6JoPFkhP
expected=8N3GDaZ2iwN65oxVatKTLPNooAVUJTbfiVJ1ahyqwjSk
caused_by=coin_creator_vault_authority
seed_creator=CHgs5E2S7hZy7uRhTcsDdhFqoEzDzPhRS7CuBFZBBWjc
seed_mint=pumpCmXqMfrsAkQ5r49WcJnRayYRqmXz6ae8H7H9Dfn
bump=255
pool=VJf32Y1CFnaeHhaPnEEspP7T9AyYTYadx1WBbxkx4KQ
mint=pumpCmXqMfrsAkQ5r49WcJnRayYRqmXz6ae8H7H9Dfn
coin_creator=CHgs5E2S7hZy7uRhTcsDdhFqoEzDzPhRS7CuBFZBBWjc
fee_recipient=5YxQFdt3Tr9zJLvkFccqXVUwhdTWJQc1fFg2YPbxvxeD
creator_vault=5o6pEypJMcvJRuwupR2ZNcL2R1XeLb517PtE6JoPFkhP
volume_accumulator=C2aFPdENg4A2HQsmrd5rTw5TaYBX5Ku887cWjbFKtZpw
user_volume_accumulator=GWMcD1Hj5DY8eXK61TQUQBCKRutww1uJD8wAEMfHwhhc
pool_v2=D4GXDzLeUnttrukFd6rX4zjHmxwRSadeomcbxqWNtSJc
direction=buy
RECOVER  pump-pump id=192 custom6=False cu=65284 raw=1040 alt=True err={'InstructionError': [2, {'Custom': 2006}]}
  simulate err={'InstructionError': [2, {'Custom': 2006}]} cu=60784 logs=35
    Program ComputeBudget111111111111111111111111111111 invoke [1]
    Program ComputeBudget111111111111111111111111111111 success
    Program ComputeBudget111111111111111111111111111111 invoke [1]
    Program ComputeBudget111111111111111111111111111111 success
    Program CnddPhKV1fnKE7ic5nSJcoVq2XFmQ9daE3tuqc2u6qTt invoke [1]
    Program pAMMBay6oceH9fJKBRHGP5D4bD4sWpmSwMn52FMfXEA invoke [2]
    Program log: Instruction: BuyExactQuoteIn
    Program ATokenGPvbdGVxr1b2hvZbsiqW5xWH25efTNsLJA8knL invoke [3]
    Program log: Create
    Program TokenkegQfeZyiNwAJbNbGKPFXCWuBvf9Ss623VQ5DA invoke [4]
    Program TokenkegQfeZyiNwAJbNbGKPFXCWuBvf9Ss623VQ5DA consumed 179 of 363403 compute units
    Program return: TokenkegQfeZyiNwAJbNbGKPFXCWuBvf9Ss623VQ5DA pQAAAAAAAAA=
    Program TokenkegQfeZyiNwAJbNbGKPFXCWuBvf9Ss623VQ5DA success
    Program 11111111111111111111111111111111 invoke [4]
    Program 11111111111111111111111111111111 success
    Program log: Initialize the associated token account
    Program TokenkegQfeZyiNwAJbNbGKPFXCWuBvf9Ss623VQ5DA invoke [4]
    Program TokenkegQfeZyiNwAJbNbGKPFXCWuBvf9Ss623VQ5DA consumed 37 of 358314 compute units
    Program TokenkegQfeZyiNwAJbNbGKPFXCWuBvf9Ss623VQ5DA success
    Program TokenkegQfeZyiNwAJbNbGKPFXCWuBvf9Ss623VQ5DA invoke [4]
    ...
    Program log: Right:
    Program log: 8N3GDaZ2iwN65oxVatKTLPNooAVUJTbfiVJ1ahyqwjSk
    Program pAMMBay6oceH9fJKBRHGP5D4bD4sWpmSwMn52FMfXEA consumed 53703 of 392919 compute units
    Program pAMMBay6oceH9fJKBRHGP5D4bD4sWpmSwMn52FMfXEA failed: custom program error: 0x7d6
    Program CnddPhKV1fnKE7ic5nSJcoVq2XFmQ9daE3tuqc2u6qTt consumed 60484 of 399700 compute units
    Program CnddPhKV1fnKE7ic5nSJcoVq2XFmQ9daE3tuqc2u6qTt failed: custom program error: 0x7d6
  VECTOR_FAIL route=197 hop=0 role=creator_vault seq=pump-pump reason=ANCHOR_2006 caused_by=coin_creator_vault_authority actual=2RK88NnTmrAnktAJdaBysAnvhUUzmxTPoprW3Tm8BrUY expected=8N3GDaZ2iwN65oxVatKTLPNooAVUJTbfiVJ1ahyqwjSk direction=buy pool=rrD9TypT3ft7wdCuMhaZ4RzvwJ14LLpEjVMMfKDTVQU mint=pumpCmXqMfrsAkQ5r49WcJnRayYRqmXz6ae8H7H9Dfn coin_creator=HywWXRzAd8xeEjvccM41BJbNzTagrGodZfJMrz9XpWMN fee_recipient=5YxQFdt3Tr9zJLvkFccqXVUwhdTWJQc1fFg2YPbxvxeD creator_vault=2RK88NnTmrAnktAJdaBysAnvhUUzmxTPoprW3Tm8BrUY volume_accumulator=C2aFPdENg4A2HQsmrd5rTw5TaYBX5Ku887cWjbFKtZpw user_volume_accumulator=GWMcD1Hj5DY8eXK61TQUQBCKRutww1uJD8wAEMfHwhhc pool_v2=D4GXDzLeUnttrukFd6rX4zjHmxwRSadeomcbxqWNtSJc bump=253 seed_creator=HywWXRzAd8xeEjvccM41BJbNzTagrGodZfJMrz9XpWMN seed_mint=pumpCmXqMfrsAkQ5r49WcJnRayYRqmXz6ae8H7H9Dfn
VECTOR_FAIL
seq=pump-pump
route=197
hop=0
role=creator_vault
reason=ANCHOR_2006
actual=2RK88NnTmrAnktAJdaBysAnvhUUzmxTPoprW3Tm8BrUY
expected=8N3GDaZ2iwN65oxVatKTLPNooAVUJTbfiVJ1ahyqwjSk
caused_by=coin_creator_vault_authority
seed_creator=HywWXRzAd8xeEjvccM41BJbNzTagrGodZfJMrz9XpWMN
seed_mint=pumpCmXqMfrsAkQ5r49WcJnRayYRqmXz6ae8H7H9Dfn
bump=253
pool=rrD9TypT3ft7wdCuMhaZ4RzvwJ14LLpEjVMMfKDTVQU
mint=pumpCmXqMfrsAkQ5r49WcJnRayYRqmXz6ae8H7H9Dfn
coin_creator=HywWXRzAd8xeEjvccM41BJbNzTagrGodZfJMrz9XpWMN
fee_recipient=5YxQFdt3Tr9zJLvkFccqXVUwhdTWJQc1fFg2YPbxvxeD
creator_vault=2RK88NnTmrAnktAJdaBysAnvhUUzmxTPoprW3Tm8BrUY
volume_accumulator=C2aFPdENg4A2HQsmrd5rTw5TaYBX5Ku887cWjbFKtZpw
user_volume_accumulator=GWMcD1Hj5DY8eXK61TQUQBCKRutww1uJD8wAEMfHwhhc
pool_v2=D4GXDzLeUnttrukFd6rX4zjHmxwRSadeomcbxqWNtSJc
direction=buy
RECOVER  pump-pump id=197 custom6=False cu=60784 raw=1040 alt=True err={'InstructionError': [2, {'Custom': 2006}]}
  simulate err={'InstructionError': [2, {'Custom': 2006}]} cu=60411 logs=35
    Program ComputeBudget111111111111111111111111111111 invoke [1]
    Program ComputeBudget111111111111111111111111111111 success
    Program ComputeBudget111111111111111111111111111111 invoke [1]
    Program ComputeBudget111111111111111111111111111111 success
    Program CnddPhKV1fnKE7ic5nSJcoVq2XFmQ9daE3tuqc2u6qTt invoke [1]
    Program pAMMBay6oceH9fJKBRHGP5D4bD4sWpmSwMn52FMfXEA invoke [2]
    Program log: Instruction: BuyExactQuoteIn
    Program ATokenGPvbdGVxr1b2hvZbsiqW5xWH25efTNsLJA8knL invoke [3]
    Program log: Create
    Program TokenkegQfeZyiNwAJbNbGKPFXCWuBvf9Ss623VQ5DA invoke [4]
    Program TokenkegQfeZyiNwAJbNbGKPFXCWuBvf9Ss623VQ5DA consumed 179 of 363769 compute units
    Program return: TokenkegQfeZyiNwAJbNbGKPFXCWuBvf9Ss623VQ5DA pQAAAAAAAAA=
    Program TokenkegQfeZyiNwAJbNbGKPFXCWuBvf9Ss623VQ5DA success
    Program 11111111111111111111111111111111 invoke [4]
    Program 11111111111111111111111111111111 success
    Program log: Initialize the associated token account
    Program TokenkegQfeZyiNwAJbNbGKPFXCWuBvf9Ss623VQ5DA invoke [4]
    Program TokenkegQfeZyiNwAJbNbGKPFXCWuBvf9Ss623VQ5DA consumed 37 of 358680 compute units
    Program TokenkegQfeZyiNwAJbNbGKPFXCWuBvf9Ss623VQ5DA success
    Program TokenkegQfeZyiNwAJbNbGKPFXCWuBvf9Ss623VQ5DA invoke [4]
    ...
    Program log: Right:
    Program log: 8N3GDaZ2iwN65oxVatKTLPNooAVUJTbfiVJ1ahyqwjSk
    Program pAMMBay6oceH9fJKBRHGP5D4bD4sWpmSwMn52FMfXEA consumed 53331 of 392920 compute units
    Program pAMMBay6oceH9fJKBRHGP5D4bD4sWpmSwMn52FMfXEA failed: custom program error: 0x7d6
    Program CnddPhKV1fnKE7ic5nSJcoVq2XFmQ9daE3tuqc2u6qTt consumed 60111 of 399700 compute units
    Program CnddPhKV1fnKE7ic5nSJcoVq2XFmQ9daE3tuqc2u6qTt failed: custom program error: 0x7d6
  VECTOR_FAIL route=203 hop=0 role=creator_vault seq=pump-pump reason=ANCHOR_2006 caused_by=coin_creator_vault_authority actual=4zM8NC43NBCD9afziWXeDqcELoYspjtr4T9TotNDJkZE expected=8N3GDaZ2iwN65oxVatKTLPNooAVUJTbfiVJ1ahyqwjSk direction=buy pool=Mah2d8pT3w5JfBt7AqZLeFBF5tfgdDWAHmJoQdLwLzX mint=3NZ9JMVBmGAqocybic2c7LQCJScmgsAZ6vQqTDzcqmJh coin_creator=36czh7sLqQVtmvdGhghigwKBK52Pi7ouXQnjohFDRJTA fee_recipient=5YxQFdt3Tr9zJLvkFccqXVUwhdTWJQc1fFg2YPbxvxeD creator_vault=4zM8NC43NBCD9afziWXeDqcELoYspjtr4T9TotNDJkZE volume_accumulator=C2aFPdENg4A2HQsmrd5rTw5TaYBX5Ku887cWjbFKtZpw user_volume_accumulator=GWMcD1Hj5DY8eXK61TQUQBCKRutww1uJD8wAEMfHwhhc pool_v2=2L9sBpvKHUcQCjanVdmxTNZ7u1FBB5WJw4yx69NmVfvt bump=255 seed_creator=36czh7sLqQVtmvdGhghigwKBK52Pi7ouXQnjohFDRJTA seed_mint=3NZ9JMVBmGAqocybic2c7LQCJScmgsAZ6vQqTDzcqmJh
VECTOR_FAIL
seq=pump-pump
route=203
hop=0
role=creator_vault
reason=ANCHOR_2006
actual=4zM8NC43NBCD9afziWXeDqcELoYspjtr4T9TotNDJkZE
expected=8N3GDaZ2iwN65oxVatKTLPNooAVUJTbfiVJ1ahyqwjSk
caused_by=coin_creator_vault_authority
seed_creator=36czh7sLqQVtmvdGhghigwKBK52Pi7ouXQnjohFDRJTA
seed_mint=3NZ9JMVBmGAqocybic2c7LQCJScmgsAZ6vQqTDzcqmJh
bump=255
pool=Mah2d8pT3w5JfBt7AqZLeFBF5tfgdDWAHmJoQdLwLzX
mint=3NZ9JMVBmGAqocybic2c7LQCJScmgsAZ6vQqTDzcqmJh
coin_creator=36czh7sLqQVtmvdGhghigwKBK52Pi7ouXQnjohFDRJTA
fee_recipient=5YxQFdt3Tr9zJLvkFccqXVUwhdTWJQc1fFg2YPbxvxeD
creator_vault=4zM8NC43NBCD9afziWXeDqcELoYspjtr4T9TotNDJkZE
volume_accumulator=C2aFPdENg4A2HQsmrd5rTw5TaYBX5Ku887cWjbFKtZpw
user_volume_accumulator=GWMcD1Hj5DY8eXK61TQUQBCKRutww1uJD8wAEMfHwhhc
pool_v2=2L9sBpvKHUcQCjanVdmxTNZ7u1FBB5WJw4yx69NmVfvt
direction=buy
RECOVER  pump-pump id=203 custom6=False cu=60411 raw=1040 alt=True err={'InstructionError': [2, {'Custom': 2006}]}
  simulate err={'InstructionError': [2, {'Custom': 2006}]} cu=60411 logs=35
    Program ComputeBudget111111111111111111111111111111 invoke [1]
    Program ComputeBudget111111111111111111111111111111 success
    Program ComputeBudget111111111111111111111111111111 invoke [1]
    Program ComputeBudget111111111111111111111111111111 success
    Program CnddPhKV1fnKE7ic5nSJcoVq2XFmQ9daE3tuqc2u6qTt invoke [1]
    Program pAMMBay6oceH9fJKBRHGP5D4bD4sWpmSwMn52FMfXEA invoke [2]
    Program log: Instruction: BuyExactQuoteIn
    Program ATokenGPvbdGVxr1b2hvZbsiqW5xWH25efTNsLJA8knL invoke [3]
    Program log: Create
    Program TokenkegQfeZyiNwAJbNbGKPFXCWuBvf9Ss623VQ5DA invoke [4]
    Program TokenkegQfeZyiNwAJbNbGKPFXCWuBvf9Ss623VQ5DA consumed 179 of 363769 compute units
    Program return: TokenkegQfeZyiNwAJbNbGKPFXCWuBvf9Ss623VQ5DA pQAAAAAAAAA=
    Program TokenkegQfeZyiNwAJbNbGKPFXCWuBvf9Ss623VQ5DA success
    Program 11111111111111111111111111111111 invoke [4]
    Program 11111111111111111111111111111111 success
    Program log: Initialize the associated token account
    Program TokenkegQfeZyiNwAJbNbGKPFXCWuBvf9Ss623VQ5DA invoke [4]
    Program TokenkegQfeZyiNwAJbNbGKPFXCWuBvf9Ss623VQ5DA consumed 37 of 358680 compute units
    Program TokenkegQfeZyiNwAJbNbGKPFXCWuBvf9Ss623VQ5DA success
    Program TokenkegQfeZyiNwAJbNbGKPFXCWuBvf9Ss623VQ5DA invoke [4]
    ...
    Program log: Right:
    Program log: 8N3GDaZ2iwN65oxVatKTLPNooAVUJTbfiVJ1ahyqwjSk
    Program pAMMBay6oceH9fJKBRHGP5D4bD4sWpmSwMn52FMfXEA consumed 53331 of 392920 compute units
    Program pAMMBay6oceH9fJKBRHGP5D4bD4sWpmSwMn52FMfXEA failed: custom program error: 0x7d6
    Program CnddPhKV1fnKE7ic5nSJcoVq2XFmQ9daE3tuqc2u6qTt consumed 60111 of 399700 compute units
    Program CnddPhKV1fnKE7ic5nSJcoVq2XFmQ9daE3tuqc2u6qTt failed: custom program error: 0x7d6
  VECTOR_FAIL route=205 hop=0 role=creator_vault seq=pump-pump reason=ANCHOR_2006 caused_by=coin_creator_vault_authority actual=9rSTf3qQacUGX99fpFkSxVYvy1MVF2L7zfLpa9xMpwx4 expected=8N3GDaZ2iwN65oxVatKTLPNooAVUJTbfiVJ1ahyqwjSk direction=buy pool=9XL3m3Aj1drrcS1v95uUPzntUzJdsCpPUDezeXd2ueon mint=3NZ9JMVBmGAqocybic2c7LQCJScmgsAZ6vQqTDzcqmJh coin_creator=Dy1bJ4RCMtZEkaBhwd4kDurd2siqLCGcgyoF9QzfXYBo fee_recipient=5YxQFdt3Tr9zJLvkFccqXVUwhdTWJQc1fFg2YPbxvxeD creator_vault=9rSTf3qQacUGX99fpFkSxVYvy1MVF2L7zfLpa9xMpwx4 volume_accumulator=C2aFPdENg4A2HQsmrd5rTw5TaYBX5Ku887cWjbFKtZpw user_volume_accumulator=GWMcD1Hj5DY8eXK61TQUQBCKRutww1uJD8wAEMfHwhhc pool_v2=2L9sBpvKHUcQCjanVdmxTNZ7u1FBB5WJw4yx69NmVfvt bump=255 seed_creator=Dy1bJ4RCMtZEkaBhwd4kDurd2siqLCGcgyoF9QzfXYBo seed_mint=3NZ9JMVBmGAqocybic2c7LQCJScmgsAZ6vQqTDzcqmJh
VECTOR_FAIL
seq=pump-pump
route=205
hop=0
role=creator_vault
reason=ANCHOR_2006
actual=9rSTf3qQacUGX99fpFkSxVYvy1MVF2L7zfLpa9xMpwx4
expected=8N3GDaZ2iwN65oxVatKTLPNooAVUJTbfiVJ1ahyqwjSk
caused_by=coin_creator_vault_authority
seed_creator=Dy1bJ4RCMtZEkaBhwd4kDurd2siqLCGcgyoF9QzfXYBo
seed_mint=3NZ9JMVBmGAqocybic2c7LQCJScmgsAZ6vQqTDzcqmJh
bump=255
pool=9XL3m3Aj1drrcS1v95uUPzntUzJdsCpPUDezeXd2ueon
mint=3NZ9JMVBmGAqocybic2c7LQCJScmgsAZ6vQqTDzcqmJh
coin_creator=Dy1bJ4RCMtZEkaBhwd4kDurd2siqLCGcgyoF9QzfXYBo
fee_recipient=5YxQFdt3Tr9zJLvkFccqXVUwhdTWJQc1fFg2YPbxvxeD
creator_vault=9rSTf3qQacUGX99fpFkSxVYvy1MVF2L7zfLpa9xMpwx4
volume_accumulator=C2aFPdENg4A2HQsmrd5rTw5TaYBX5Ku887cWjbFKtZpw
user_volume_accumulator=GWMcD1Hj5DY8eXK61TQUQBCKRutww1uJD8wAEMfHwhhc
pool_v2=2L9sBpvKHUcQCjanVdmxTNZ7u1FBB5WJw4yx69NmVfvt
direction=buy
RECOVER  pump-pump id=205 custom6=False cu=60411 raw=1040 alt=True err={'InstructionError': [2, {'Custom': 2006}]}
  simulate err={'InstructionError': [2, {'Custom': 2006}]} cu=45401 logs=18
    Program ComputeBudget111111111111111111111111111111 invoke [1]
    Program ComputeBudget111111111111111111111111111111 success
    Program ComputeBudget111111111111111111111111111111 invoke [1]
    Program ComputeBudget111111111111111111111111111111 success
    Program CnddPhKV1fnKE7ic5nSJcoVq2XFmQ9daE3tuqc2u6qTt invoke [1]
    Program pAMMBay6oceH9fJKBRHGP5D4bD4sWpmSwMn52FMfXEA invoke [2]
    Program log: Instruction: BuyExactQuoteIn
    Program 11111111111111111111111111111111 invoke [3]
    Program 11111111111111111111111111111111 success
    Program log: AnchorError caused by account: coin_creator_vault_authority. Error Code: ConstraintSeeds. Error Number: 2006. Error Message: A seeds constraint was violated.
    Program log: Left:
    Program log: 5QCrX9Uw5KzD2QTiCL8kMe5Fy8D4T6LYrKFkbHtwscqV
    Program log: Right:
    Program log: 8N3GDaZ2iwN65oxVatKTLPNooAVUJTbfiVJ1ahyqwjSk
    Program pAMMBay6oceH9fJKBRHGP5D4bD4sWpmSwMn52FMfXEA consumed 38321 of 392920 compute units
    Program pAMMBay6oceH9fJKBRHGP5D4bD4sWpmSwMn52FMfXEA failed: custom program error: 0x7d6
    Program CnddPhKV1fnKE7ic5nSJcoVq2XFmQ9daE3tuqc2u6qTt consumed 45101 of 399700 compute units
    Program CnddPhKV1fnKE7ic5nSJcoVq2XFmQ9daE3tuqc2u6qTt failed: custom program error: 0x7d6
  VECTOR_FAIL route=210 hop=0 role=creator_vault seq=pump-pump reason=ANCHOR_2006 caused_by=coin_creator_vault_authority actual=5QCrX9Uw5KzD2QTiCL8kMe5Fy8D4T6LYrKFkbHtwscqV expected=8N3GDaZ2iwN65oxVatKTLPNooAVUJTbfiVJ1ahyqwjSk direction=buy pool=2kYQVpASZDhozveWrB3YPYocqUY7LESXFNsKkznv1E2j mint=METvsvVRapdj9cFLzq4Tr43xK4tAjQfwX76z3n6mWQL coin_creator=EGNGAFNip7BDMUdZ3sCr7fJnkvq3EkeWTYKAwzeML4MY fee_recipient=5YxQFdt3Tr9zJLvkFccqXVUwhdTWJQc1fFg2YPbxvxeD creator_vault=5QCrX9Uw5KzD2QTiCL8kMe5Fy8D4T6LYrKFkbHtwscqV volume_accumulator=C2aFPdENg4A2HQsmrd5rTw5TaYBX5Ku887cWjbFKtZpw user_volume_accumulator=GWMcD1Hj5DY8eXK61TQUQBCKRutww1uJD8wAEMfHwhhc pool_v2=FsjmhLvLtPtgEpUoydmysqzeKLvP5QjFJxq6s8jiyWpE bump=254 seed_creator=EGNGAFNip7BDMUdZ3sCr7fJnkvq3EkeWTYKAwzeML4MY seed_mint=METvsvVRapdj9cFLzq4Tr43xK4tAjQfwX76z3n6mWQL
VECTOR_FAIL
seq=pump-pump
route=210
hop=0
role=creator_vault
reason=ANCHOR_2006
actual=5QCrX9Uw5KzD2QTiCL8kMe5Fy8D4T6LYrKFkbHtwscqV
expected=8N3GDaZ2iwN65oxVatKTLPNooAVUJTbfiVJ1ahyqwjSk
caused_by=coin_creator_vault_authority
seed_creator=EGNGAFNip7BDMUdZ3sCr7fJnkvq3EkeWTYKAwzeML4MY
seed_mint=METvsvVRapdj9cFLzq4Tr43xK4tAjQfwX76z3n6mWQL
bump=254
pool=2kYQVpASZDhozveWrB3YPYocqUY7LESXFNsKkznv1E2j
mint=METvsvVRapdj9cFLzq4Tr43xK4tAjQfwX76z3n6mWQL
coin_creator=EGNGAFNip7BDMUdZ3sCr7fJnkvq3EkeWTYKAwzeML4MY
fee_recipient=5YxQFdt3Tr9zJLvkFccqXVUwhdTWJQc1fFg2YPbxvxeD
creator_vault=5QCrX9Uw5KzD2QTiCL8kMe5Fy8D4T6LYrKFkbHtwscqV
volume_accumulator=C2aFPdENg4A2HQsmrd5rTw5TaYBX5Ku887cWjbFKtZpw
user_volume_accumulator=GWMcD1Hj5DY8eXK61TQUQBCKRutww1uJD8wAEMfHwhhc
pool_v2=FsjmhLvLtPtgEpUoydmysqzeKLvP5QjFJxq6s8jiyWpE
direction=buy
RECOVER  pump-pump id=210 custom6=False cu=45401 raw=1040 alt=True err={'InstructionError': [2, {'Custom': 2006}]}
  simulate err={'InstructionError': [2, {'Custom': 2006}]} cu=73906 logs=35
    Program ComputeBudget111111111111111111111111111111 invoke [1]
    Program ComputeBudget111111111111111111111111111111 success
    Program ComputeBudget111111111111111111111111111111 invoke [1]
    Program ComputeBudget111111111111111111111111111111 success
    Program CnddPhKV1fnKE7ic5nSJcoVq2XFmQ9daE3tuqc2u6qTt invoke [1]
    Program pAMMBay6oceH9fJKBRHGP5D4bD4sWpmSwMn52FMfXEA invoke [2]
    Program log: Instruction: BuyExactQuoteIn
    Program ATokenGPvbdGVxr1b2hvZbsiqW5xWH25efTNsLJA8knL invoke [3]
    Program log: Create
    Program TokenkegQfeZyiNwAJbNbGKPFXCWuBvf9Ss623VQ5DA invoke [4]
    Program TokenkegQfeZyiNwAJbNbGKPFXCWuBvf9Ss623VQ5DA consumed 179 of 354774 compute units
    Program return: TokenkegQfeZyiNwAJbNbGKPFXCWuBvf9Ss623VQ5DA pQAAAAAAAAA=
    Program TokenkegQfeZyiNwAJbNbGKPFXCWuBvf9Ss623VQ5DA success
    Program 11111111111111111111111111111111 invoke [4]
    Program 11111111111111111111111111111111 success
    Program log: Initialize the associated token account
    Program TokenkegQfeZyiNwAJbNbGKPFXCWuBvf9Ss623VQ5DA invoke [4]
    Program TokenkegQfeZyiNwAJbNbGKPFXCWuBvf9Ss623VQ5DA consumed 37 of 349685 compute units
    Program TokenkegQfeZyiNwAJbNbGKPFXCWuBvf9Ss623VQ5DA success
    Program TokenkegQfeZyiNwAJbNbGKPFXCWuBvf9Ss623VQ5DA invoke [4]
    ...
    Program log: Right:
    Program log: 8N3GDaZ2iwN65oxVatKTLPNooAVUJTbfiVJ1ahyqwjSk
    Program pAMMBay6oceH9fJKBRHGP5D4bD4sWpmSwMn52FMfXEA consumed 66826 of 392920 compute units
    Program pAMMBay6oceH9fJKBRHGP5D4bD4sWpmSwMn52FMfXEA failed: custom program error: 0x7d6
    Program CnddPhKV1fnKE7ic5nSJcoVq2XFmQ9daE3tuqc2u6qTt consumed 73606 of 399700 compute units
    Program CnddPhKV1fnKE7ic5nSJcoVq2XFmQ9daE3tuqc2u6qTt failed: custom program error: 0x7d6
  VECTOR_FAIL route=216 hop=0 role=creator_vault seq=pump-pump reason=ANCHOR_2006 caused_by=coin_creator_vault_authority actual=6p1CRLzidCFJqF6VpTx5k4ywHzhwjB5BUTm2m25wNZFi expected=8N3GDaZ2iwN65oxVatKTLPNooAVUJTbfiVJ1ahyqwjSk direction=buy pool=8kfZkZw1MTmxoTDzPTdGL31Ed193aYPFa3nwS1AKhYEE mint=METvsvVRapdj9cFLzq4Tr43xK4tAjQfwX76z3n6mWQL coin_creator=856T5MbxgjK3zSRW9DEDN32Vk5aCBywNZ74ryE9xH9yD fee_recipient=5YxQFdt3Tr9zJLvkFccqXVUwhdTWJQc1fFg2YPbxvxeD creator_vault=6p1CRLzidCFJqF6VpTx5k4ywHzhwjB5BUTm2m25wNZFi volume_accumulator=C2aFPdENg4A2HQsmrd5rTw5TaYBX5Ku887cWjbFKtZpw user_volume_accumulator=GWMcD1Hj5DY8eXK61TQUQBCKRutww1uJD8wAEMfHwhhc pool_v2=FsjmhLvLtPtgEpUoydmysqzeKLvP5QjFJxq6s8jiyWpE bump=255 seed_creator=856T5MbxgjK3zSRW9DEDN32Vk5aCBywNZ74ryE9xH9yD seed_mint=METvsvVRapdj9cFLzq4Tr43xK4tAjQfwX76z3n6mWQL
VECTOR_FAIL
seq=pump-pump
route=216
hop=0
role=creator_vault
reason=ANCHOR_2006
actual=6p1CRLzidCFJqF6VpTx5k4ywHzhwjB5BUTm2m25wNZFi
expected=8N3GDaZ2iwN65oxVatKTLPNooAVUJTbfiVJ1ahyqwjSk
caused_by=coin_creator_vault_authority
seed_creator=856T5MbxgjK3zSRW9DEDN32Vk5aCBywNZ74ryE9xH9yD
seed_mint=METvsvVRapdj9cFLzq4Tr43xK4tAjQfwX76z3n6mWQL
bump=255
pool=8kfZkZw1MTmxoTDzPTdGL31Ed193aYPFa3nwS1AKhYEE
mint=METvsvVRapdj9cFLzq4Tr43xK4tAjQfwX76z3n6mWQL
coin_creator=856T5MbxgjK3zSRW9DEDN32Vk5aCBywNZ74ryE9xH9yD
fee_recipient=5YxQFdt3Tr9zJLvkFccqXVUwhdTWJQc1fFg2YPbxvxeD
creator_vault=6p1CRLzidCFJqF6VpTx5k4ywHzhwjB5BUTm2m25wNZFi
volume_accumulator=C2aFPdENg4A2HQsmrd5rTw5TaYBX5Ku887cWjbFKtZpw
user_volume_accumulator=GWMcD1Hj5DY8eXK61TQUQBCKRutww1uJD8wAEMfHwhhc
pool_v2=FsjmhLvLtPtgEpUoydmysqzeKLvP5QjFJxq6s8jiyWpE
direction=buy
RECOVER  pump-pump id=216 custom6=False cu=73906 raw=1040 alt=True err={'InstructionError': [2, {'Custom': 2006}]}
rpc 429 getMultipleAccounts backoff 2s
rpc 429 simulateTransaction backoff 8s
  simulate err={'InstructionError': [2, {'Custom': 2006}]} cu=87411 logs=35
    Program ComputeBudget111111111111111111111111111111 invoke [1]
    Program ComputeBudget111111111111111111111111111111 success
    Program ComputeBudget111111111111111111111111111111 invoke [1]
    Program ComputeBudget111111111111111111111111111111 success
    Program CnddPhKV1fnKE7ic5nSJcoVq2XFmQ9daE3tuqc2u6qTt invoke [1]
    Program pAMMBay6oceH9fJKBRHGP5D4bD4sWpmSwMn52FMfXEA invoke [2]
    Program log: Instruction: BuyExactQuoteIn
    Program ATokenGPvbdGVxr1b2hvZbsiqW5xWH25efTNsLJA8knL invoke [3]
    Program log: Create
    Program TokenkegQfeZyiNwAJbNbGKPFXCWuBvf9Ss623VQ5DA invoke [4]
    Program TokenkegQfeZyiNwAJbNbGKPFXCWuBvf9Ss623VQ5DA consumed 179 of 345769 compute units
    Program return: TokenkegQfeZyiNwAJbNbGKPFXCWuBvf9Ss623VQ5DA pQAAAAAAAAA=
    Program TokenkegQfeZyiNwAJbNbGKPFXCWuBvf9Ss623VQ5DA success
    Program 11111111111111111111111111111111 invoke [4]
    Program 11111111111111111111111111111111 success
    Program log: Initialize the associated token account
    Program TokenkegQfeZyiNwAJbNbGKPFXCWuBvf9Ss623VQ5DA invoke [4]
    Program TokenkegQfeZyiNwAJbNbGKPFXCWuBvf9Ss623VQ5DA consumed 37 of 340680 compute units
    Program TokenkegQfeZyiNwAJbNbGKPFXCWuBvf9Ss623VQ5DA success
    Program TokenkegQfeZyiNwAJbNbGKPFXCWuBvf9Ss623VQ5DA invoke [4]
    ...
    Program log: Right:
    Program log: 8N3GDaZ2iwN65oxVatKTLPNooAVUJTbfiVJ1ahyqwjSk
    Program pAMMBay6oceH9fJKBRHGP5D4bD4sWpmSwMn52FMfXEA consumed 80331 of 392920 compute units
    Program pAMMBay6oceH9fJKBRHGP5D4bD4sWpmSwMn52FMfXEA failed: custom program error: 0x7d6
    Program CnddPhKV1fnKE7ic5nSJcoVq2XFmQ9daE3tuqc2u6qTt consumed 87111 of 399700 compute units
    Program CnddPhKV1fnKE7ic5nSJcoVq2XFmQ9daE3tuqc2u6qTt failed: custom program error: 0x7d6
  VECTOR_FAIL route=221 hop=0 role=creator_vault seq=pump-pump reason=ANCHOR_2006 caused_by=coin_creator_vault_authority actual=GCzavSbbFBhNMRFuPGi4W8q9Rzoi5Y3S8tSkFVH7zfxW expected=8N3GDaZ2iwN65oxVatKTLPNooAVUJTbfiVJ1ahyqwjSk direction=buy pool=7czW7oGc1Rs7i18Rt2xdL9EKGxPukNmMhi7VdDTwjQaE mint=SKRbvo6Gf7GondiT3BbTfuRDPqLWei4j2Qy2NPGZhW3 coin_creator=2MxP3zLy9PNegRAwSfG6WeErEiKoU8Ai8dLb6z3ECPrv fee_recipient=5YxQFdt3Tr9zJLvkFccqXVUwhdTWJQc1fFg2YPbxvxeD creator_vault=GCzavSbbFBhNMRFuPGi4W8q9Rzoi5Y3S8tSkFVH7zfxW volume_accumulator=C2aFPdENg4A2HQsmrd5rTw5TaYBX5Ku887cWjbFKtZpw user_volume_accumulator=GWMcD1Hj5DY8eXK61TQUQBCKRutww1uJD8wAEMfHwhhc pool_v2=97MYg17RMPJb9KeUZKLXg5ehQJ1gGVMDZzVSczReGocJ bump=255 seed_creator=2MxP3zLy9PNegRAwSfG6WeErEiKoU8Ai8dLb6z3ECPrv seed_mint=SKRbvo6Gf7GondiT3BbTfuRDPqLWei4j2Qy2NPGZhW3
VECTOR_FAIL
seq=pump-pump
route=221
hop=0
role=creator_vault
reason=ANCHOR_2006
actual=GCzavSbbFBhNMRFuPGi4W8q9Rzoi5Y3S8tSkFVH7zfxW
expected=8N3GDaZ2iwN65oxVatKTLPNooAVUJTbfiVJ1ahyqwjSk
caused_by=coin_creator_vault_authority
seed_creator=2MxP3zLy9PNegRAwSfG6WeErEiKoU8Ai8dLb6z3ECPrv
seed_mint=SKRbvo6Gf7GondiT3BbTfuRDPqLWei4j2Qy2NPGZhW3
bump=255
pool=7czW7oGc1Rs7i18Rt2xdL9EKGxPukNmMhi7VdDTwjQaE
mint=SKRbvo6Gf7GondiT3BbTfuRDPqLWei4j2Qy2NPGZhW3
coin_creator=2MxP3zLy9PNegRAwSfG6WeErEiKoU8Ai8dLb6z3ECPrv
fee_recipient=5YxQFdt3Tr9zJLvkFccqXVUwhdTWJQc1fFg2YPbxvxeD
creator_vault=GCzavSbbFBhNMRFuPGi4W8q9Rzoi5Y3S8tSkFVH7zfxW
volume_accumulator=C2aFPdENg4A2HQsmrd5rTw5TaYBX5Ku887cWjbFKtZpw
user_volume_accumulator=GWMcD1Hj5DY8eXK61TQUQBCKRutww1uJD8wAEMfHwhhc
pool_v2=97MYg17RMPJb9KeUZKLXg5ehQJ1gGVMDZzVSczReGocJ
direction=buy
RECOVER  pump-pump id=221 custom6=False cu=87411 raw=1040 alt=True err={'InstructionError': [2, {'Custom': 2006}]}
  simulate err={'InstructionError': [2, {'Custom': 2006}]} cu=43906 logs=18
    Program ComputeBudget111111111111111111111111111111 invoke [1]
    Program ComputeBudget111111111111111111111111111111 success
    Program ComputeBudget111111111111111111111111111111 invoke [1]
  